BL51 BANKED LINKER/LOCATER V6.22                                                        12/06/2024  18:18:44  PAGE 1


BL51 BANKED LINKER/LOCATER V6.22, INVOKED BY:
D:\INSTALLATIONS\KEIL_C51\C51\BIN\BL51.EXE .\obj\Compound.obj, .\obj\main.obj, .\obj\DEBUG.obj, .\obj\key.obj, .\obj\Tim
>> er.obj, .\obj\DataFlash.obj TO .\obj\Compound_Dev PRINT (.\list\Compound_Dev.m51) RAMSIZE (256) DISABLEWARNING (16)


MEMORY MODEL: LARGE


INPUT MODULES INCLUDED:
  .\obj\Compound.obj (COMPOUND)
  .\obj\main.obj (MAIN)
  .\obj\DEBUG.obj (DEBUG)
  .\obj\key.obj (KEY)
  .\obj\Timer.obj (TIMER)
  .\obj\DataFlash.obj (DATAFLASH)
  D:\INSTALLATIONS\KEIL_C51\C51\LIB\C51L.LIB (?C_STARTUP)
  D:\INSTALLATIONS\KEIL_C51\C51\LIB\C51L.LIB (?C?COPY)
  D:\INSTALLATIONS\KEIL_C51\C51\LIB\C51L.LIB (?C?CLDPTR)
  D:\INSTALLATIONS\KEIL_C51\C51\LIB\C51L.LIB (?C?CLDOPTR)
  D:\INSTALLATIONS\KEIL_C51\C51\LIB\C51L.LIB (?C?CSTOPTR)
  D:\INSTALLATIONS\KEIL_C51\C51\LIB\C51L.LIB (?C?IILDX)
  D:\INSTALLATIONS\KEIL_C51\C51\LIB\C51L.LIB (?C?ULDIV)
  D:\INSTALLATIONS\KEIL_C51\C51\LIB\C51L.LIB (?C?LSTXDATA)
  D:\INSTALLATIONS\KEIL_C51\C51\LIB\C51L.LIB (?C?LSTKXDATA)
  D:\INSTALLATIONS\KEIL_C51\C51\LIB\C51L.LIB (?C?CCASE)
  D:\INSTALLATIONS\KEIL_C51\C51\LIB\C51L.LIB (?C?ICALL)
  D:\INSTALLATIONS\KEIL_C51\C51\LIB\C51L.LIB (RAND)
  D:\INSTALLATIONS\KEIL_C51\C51\LIB\C51L.LIB (?C?MEMCMP)
  D:\INSTALLATIONS\KEIL_C51\C51\LIB\C51L.LIB (?C?MEMSET)
  D:\INSTALLATIONS\KEIL_C51\C51\LIB\C51L.LIB (?C_INIT)
  D:\INSTALLATIONS\KEIL_C51\C51\LIB\C51L.LIB (?C?LLDXDATA)


LINK MAP OF MODULE:  .\obj\Compound_Dev (COMPOUND)


            TYPE    BASE      LENGTH    RELOCATION   SEGMENT NAME
            -----------------------------------------------------

            * * * * * * *   D A T A   M E M O R Y   * * * * * * *
            REG     0000H     0008H     ABSOLUTE     "REG BANK 0"
            REG     0008H     0008H     ABSOLUTE     "REG BANK 1"
            IDATA   0010H     0001H     UNIT         ?STACK

            * * * * * * *  X D A T A   M E M O R Y  * * * * * * *
            XDATA   0000H     0008H     ABSOLUTE     
            XDATA   0008H     0002H     UNIT         ?XD?MAIN
            XDATA   000AH     0040H     ABSOLUTE     
            XDATA   004AH     0005H     UNIT         ?XD?KEY
            XDATA   004FH     0001H     UNIT         ?XD?UPLOADDATA?COMPOUND
            XDATA   0050H     0080H     ABSOLUTE     
            XDATA   00D0H     00EEH     UNIT         ?XD?COMPOUND
            XDATA   01BEH     0024H     UNIT         _XDATA_GROUP_
            XDATA   01E2H     0004H     UNIT         ?XD?RAND?RAND
            XDATA   01E6H     0003H     UNIT         ?XD?TIMER

            * * * * * * *   C O D E   M E M O R Y   * * * * * * *
            CODE    0000H     0003H     ABSOLUTE     
BL51 BANKED LINKER/LOCATER V6.22                                                      12/06/2024  18:18:44  PAGE 2


            CODE    0003H     0008H     UNIT         ?PR?CH554UART0RCVBYTE?DEBUG
            CODE    000BH     0003H     ABSOLUTE     
            CODE    000EH     0035H     UNIT         ?PR?_MTIMER_X_SETDATA?TIMER
            CODE    0043H     0003H     ABSOLUTE     
            CODE    0046H     048DH     UNIT         ?C?LIB_CODE
            CODE    04D3H     0461H     UNIT         ?PR?DEVICEINTERRUPT?COMPOUND
            CODE    0934H     03ACH     UNIT         ?PR?_COMPOUND_PROCESS_RECV_DATA?COMPOUND
            CODE    0CE0H     0166H     UNIT         ?PR?_USB_SEND_KEY?COMPOUND
            CODE    0E46H     0133H     UNIT         ?PR?_SENDKEY?COMPOUND
            CODE    0F79H     0126H     UNIT         ?PR?_HANDLE_KEY_EVENT?MAIN
            CODE    109FH     011FH     UNIT         ?C_INITSEG
            CODE    11BEH     00E9H     UNIT         ?CO?COMPOUND
            CODE    12A7H     00B7H     UNIT         ?PR?MAIN?MAIN
            CODE    135EH     009EH     UNIT         ?PR?MINITSTDIO?DEBUG
            CODE    13FCH     008EH     UNIT         ?PR?MTIMER0INTERRUPT?TIMER
            CODE    148AH     008CH     UNIT         ?C_C51STARTUP
            CODE    1516H     0078H     UNIT         ?PR?GET_KEY_EVENT?KEY
            CODE    158EH     0076H     UNIT         ?PR?USB_SEND_KEYS_FROM_FLASH?COMPOUND
            CODE    1604H     006BH     UNIT         ?PR?_WRITEDATAFLASH?DATAFLASH
            CODE    166FH     005FH     UNIT         ?PR?_USB_CHECK_VALID_PACKET?COMPOUND
            CODE    16CEH     004DH     UNIT         ?PR?RAND?RAND
            CODE    171BH     0043H     UNIT         ?PR?_READDATAFLASH?DATAFLASH
            CODE    175EH     003FH     UNIT         ?PR?_ERASEDATAFLASH?DATAFLASH
            CODE    179DH     003AH     UNIT         ?PR?USBDEVICEINIT?COMPOUND
            CODE    17D7H     0037H     UNIT         ?PR?SOFT_RESET?MAIN
            CODE    180EH     0033H     UNIT         ?PR?_MTIMER_X_MODINIT?TIMER
            CODE    1841H     002DH     UNIT         ?PR?_USB_CALCULATE_CHECKSUM?COMPOUND
            CODE    186EH     0026H     UNIT         ?PR?UPLOADDATA?COMPOUND
            CODE    1894H     0024H     UNIT         ?PR?KEY_INIT?KEY
            CODE    18B8H     0020H     UNIT         ?PR?ENP1INTIN?COMPOUND
            CODE    18D8H     0020H     UNIT         ?PR?ENP2INTIN?COMPOUND
            CODE    18F8H     001CH     UNIT         ?PR?KEY_SCAN?KEY
            CODE    1914H     0018H     UNIT         ?PR?_CAP1INIT?TIMER
            CODE    192CH     0018H     UNIT         ?PR?TIMER0_INIT_10MS?TIMER
            CODE    1944H     0017H     UNIT         ?PR?_MDELAYMS?DEBUG
            CODE    195BH     0017H     UNIT         ?PR?_CH554WDTMODESELECT?DEBUG
            CODE    1972H     0012H     UNIT         ?CO?MAIN
            CODE    1984H     0012H     UNIT         ?PR?CFGFSYS?DEBUG
            CODE    1996H     0012H     UNIT         ?PR?_CAP2INIT?TIMER
            CODE    19A8H     000FH     UNIT         ?PR?LED_FLASH_HANDLER?MAIN
            CODE    19B7H     000EH     UNIT         ?PR?_MDELAYUS?DEBUG
            CODE    19C5H     000DH     UNIT         ?PR?WDOG_INIT?MAIN
            CODE    19D2H     000CH     UNIT         ?PR?_REGISTER_KEY_CB?KEY
            CODE    19DEH     000CH     UNIT         ?PR?_TIMER0_REGISTER_CB?TIMER
            CODE    19EAH     000AH     UNIT         ?PR?UART1SETUP?DEBUG
            CODE    19F4H     0008H     UNIT         ?PR?_CH554UART0SENDBYTE?DEBUG
            CODE    19FCH     0008H     UNIT         ?PR?CH554UART1RCVBYTE?DEBUG
            CODE    1A04H     0008H     UNIT         ?PR?_CH554UART1SENDBYTE?DEBUG
            CODE    1A0CH     0004H     UNIT         ?PR?CH554UART0ALTER?DEBUG
            CODE    1A10H     0003H     UNIT         ?PR?_CH554WDTFEED?DEBUG



OVERLAY MAP OF MODULE:   .\obj\Compound_Dev (COMPOUND)


SEGMENT                                            XDATA_GROUP
BL51 BANKED LINKER/LOCATER V6.22                                                      12/06/2024  18:18:44  PAGE 3


  +--> CALLED SEGMENT                            START    LENGTH
----------------------------------------------------------------
?PR?DEVICEINTERRUPT?COMPOUND                     01BEH    0001H
  +--> ?CO?COMPOUND

*** NEW ROOT ***************************************************

?PR?MTIMER0INTERRUPT?TIMER                       -----    -----
  +--> ?PR?_MTIMER_X_SETDATA?TIMER

*** NEW ROOT ***************************************************

?C_C51STARTUP                                    -----    -----
  +--> ?PR?MAIN?MAIN
  +--> ?C_INITSEG

?PR?MAIN?MAIN                                    01BFH    0001H
  +--> ?PR?CFGFSYS?DEBUG
  +--> ?PR?_MDELAYMS?DEBUG
  +--> ?PR?MINITSTDIO?DEBUG
  +--> ?PR?_READDATAFLASH?DATAFLASH
  +--> ?PR?USBDEVICEINIT?COMPOUND
  +--> ?PR?KEY_INIT?KEY
  +--> ?PR?_HANDLE_KEY_EVENT?MAIN
  +--> ?PR?_REGISTER_KEY_CB?KEY
  +--> ?PR?TIMER0_INIT_10MS?TIMER
  +--> ?PR?WDOG_INIT?MAIN
  +--> ?PR?_COMPOUND_PROCESS_RECV_DATA?COMPOUND
  +--> ?PR?KEY_SCAN?KEY
  +--> ?PR?SOFT_RESET?MAIN

?PR?_MDELAYMS?DEBUG                              -----    -----
  +--> ?PR?_MDELAYUS?DEBUG

?PR?MINITSTDIO?DEBUG                             01C0H    0005H

?PR?_READDATAFLASH?DATAFLASH                     01D9H    0004H

?PR?_HANDLE_KEY_EVENT?MAIN                       01C0H    000BH
  +--> ?CO?MAIN
  +--> ?PR?_READDATAFLASH?DATAFLASH
  +--> ?PR?_USB_SEND_KEY?COMPOUND
  +--> ?PR?USB_SEND_KEYS_FROM_FLASH?COMPOUND
  +--> ?PR?_MDELAYMS?DEBUG

?PR?_USB_SEND_KEY?COMPOUND                       01CBH    0001H
  +--> ?PR?_MDELAYMS?DEBUG
  +--> ?PR?ENP1INTIN?COMPOUND

?PR?USB_SEND_KEYS_FROM_FLASH?COMPOUND            01CBH    0009H
  +--> ?CO?COMPOUND
  +--> ?PR?_READDATAFLASH?DATAFLASH
  +--> ?PR?ENP1INTIN?COMPOUND
  +--> ?PR?_MDELAYMS?DEBUG

?PR?TIMER0_INIT_10MS?TIMER                       -----    -----
  +--> ?PR?_MTIMER_X_MODINIT?TIMER
BL51 BANKED LINKER/LOCATER V6.22                                                      12/06/2024  18:18:44  PAGE 4


  +--> ?PR?_MTIMER_X_SETDATA?TIMER

?PR?_COMPOUND_PROCESS_RECV_DATA?COMPOUND         01C0H    0019H
  +--> ?PR?_USB_CHECK_VALID_PACKET?COMPOUND
  +--> ?CO?COMPOUND
  +--> ?PR?_READDATAFLASH?DATAFLASH
  +--> ?PR?_ERASEDATAFLASH?DATAFLASH
  +--> ?PR?_WRITEDATAFLASH?DATAFLASH

?PR?_USB_CHECK_VALID_PACKET?COMPOUND             01D9H    0006H
  +--> ?PR?_USB_CALCULATE_CHECKSUM?COMPOUND

?PR?_USB_CALCULATE_CHECKSUM?COMPOUND             01DFH    0003H

?PR?_WRITEDATAFLASH?DATAFLASH                    01D9H    0005H

?PR?KEY_SCAN?KEY                                 -----    -----
  +--> ?PR?GET_KEY_EVENT?KEY

?PR?GET_KEY_EVENT?KEY                            01C0H    0001H
  +--> ?PR?_MDELAYMS?DEBUG

?PR?SOFT_RESET?MAIN                              01C0H    0001H
  +--> ?PR?_MDELAYMS?DEBUG

?C_INITSEG                                       -----    -----
  +--> ?CO?COMPOUND



SYMBOL TABLE OF MODULE:  .\obj\Compound_Dev (COMPOUND)

  VALUE           TYPE          NAME
  ----------------------------------

  -------         MODULE        COMPOUND
  C:0000H         SYMBOL        _ICE_DUMMY_
  X:00D0H         PUBLIC        HIDKey
  C:158EH         PUBLIC        usb_send_keys_from_flash
  D:0090H         PUBLIC        P1
  D:00E2H         PUBLIC        USB_CTRL
  C:11BEH         PUBLIC        sPath
  D:00B0H         PUBLIC        P3
  C:0CE0H         PUBLIC        _usb_send_key
  X:00D8H         PUBLIC        g_data_len
  X:00D9H         PUBLIC        UsbConfig
  X:00DAH         PUBLIC        g_key_values
  B:00D8H.0       PUBLIC        UIF_BUS_RST
  D:00E8H         PUBLIC        IE_EX
  D:00A8H         PUBLIC        IE
  D:00DDH         PUBLIC        UEP0_T_LEN
  D:00E3H         PUBLIC        USB_DEV_AD
  D:00D3H         PUBLIC        UEP1_T_LEN
  D:00D5H         PUBLIC        UEP2_T_LEN
  C:124DH         PUBLIC        CfgDesc
  D:00A2H         PUBLIC        XBUS_AUX
  X:00E2H         SYMBOL        compound_received_data
BL51 BANKED LINKER/LOCATER V6.22                                                      12/06/2024  18:18:44  PAGE 5


  D:00B8H         PUBLIC        IP
  C:1841H         PUBLIC        _usb_calculate_checksum
  X:0122H         PUBLIC        FLAG
  X:0123H         PUBLIC        cleanmatch_state
  C:11D8H         PUBLIC        DevDesc
  D:00D8H         PUBLIC        USB_INT_FG
  C:04D3H         PUBLIC        DeviceInterrupt
  X:0124H         PUBLIC        pStr
  X:0127H         PUBLIC        learnmatch_state
  D:00E1H         PUBLIC        USB_INT_EN
  B:00D8H.1       PUBLIC        UIF_TRANSFER
  D:0087H         PUBLIC        PCON
  X:0128H         PUBLIC        EnumOK
  D:00DCH         PUBLIC        UEP0_CTRL
  D:00D2H         PUBLIC        UEP1_CTRL
  D:00D4H         PUBLIC        UEP2_CTRL
  D:0098H         PUBLIC        SCON
  X:0129H         PUBLIC        SetupLen
  D:0088H         PUBLIC        TCON
  D:00DBH         PUBLIC        USB_RX_LEN
  C:0E46H         SYMBOL        _SendKey
  C:18B8H         SYMBOL        Enp1IntIn
  D:00F8H         PUBLIC        SPI0_STAT
  C:18D8H         SYMBOL        Enp2IntIn
  X:012AH         SYMBOL        compound_response_data
  D:00DAH         PUBLIC        USB_MIS_ST
  X:016AH         PUBLIC        SetupReq
  D:00D9H         PUBLIC        USB_INT_ST
  B:0090H.6       PUBLIC        WL_LEARN_PIN
  D:00A9H         PUBLIC        WAKE_CTRL
  C:128FH         SYMBOL        _?ix1000
  C:1297H         SYMBOL        _?ix1001
  X:0000H         PUBLIC        Ep0Buffer
  C:129FH         SYMBOL        _?ix1002
  X:000AH         PUBLIC        Ep1Buffer
  X:016BH         PUBLIC        g_compound_heartbeat_flag
  X:0050H         PUBLIC        Ep2Buffer
  C:122BH         PUBLIC        ComRepDesc
  D:00D1H         PUBLIC        UDEV_CTRL
  X:016CH         PUBLIC        g_compound_heartbeat_timer
  D:00ECH         PUBLIC        UEP0_DMA
  D:00EEH         PUBLIC        UEP1_DMA
  D:00E4H         PUBLIC        UEP2_DMA
  X:016DH         SYMBOL        first_hb_flag
  C:11EAH         PUBLIC        KeyRepDesc
  C:179DH         PUBLIC        USBDeviceInit
  B:00E8H.2       PUBLIC        IE_USB
  X:016EH         PUBLIC        g_data_ready
  X:016FH         PUBLIC        SetupReqBuf
  C:0934H         PUBLIC        _compound_process_recv_data
  D:0080H         PUBLIC        ADC_CTRL
  D:00A1H         PUBLIC        SAFE_MOD
  X:0177H         PUBLIC        g_cleanmatch_timer
  X:0179H         PUBLIC        pDescr
  C:186EH         SYMBOL        UploadData
  D:00C0H         PUBLIC        SCON1
  D:00C8H         PUBLIC        T2CON
BL51 BANKED LINKER/LOCATER V6.22                                                      12/06/2024  18:18:44  PAGE 6


  B:00D8H.2       PUBLIC        UIF_SUSPEND
  D:00EBH         PUBLIC        UEP2_3_MOD
  D:00EAH         PUBLIC        UEP4_1_MOD
  X:017CH         PUBLIC        g_learnmatch_timer
  X:017EH         PUBLIC        HIDCom
  D:00D0H         PUBLIC        PSW
  C:166FH         PUBLIC        _usb_check_valid_packet
  -------         PROC          USBDEVICEINIT
  C:179DH         LINE#         191
  C:179DH         LINE#         192
  C:179DH         LINE#         193
  C:179FH         LINE#         194
  C:17A2H         LINE#         196
  C:17A8H         LINE#         197
  C:17AEH         LINE#         198
  C:17B4H         LINE#         199
  C:17B7H         LINE#         200
  C:17BAH         LINE#         201
  C:17BDH         LINE#         203
  C:17C0H         LINE#         204
  C:17C3H         LINE#         206
  C:17C5H         LINE#         207
  C:17C8H         LINE#         208
  C:17CBH         LINE#         209
  C:17CEH         LINE#         210
  C:17D1H         LINE#         211
  C:17D4H         LINE#         212
  C:17D6H         LINE#         213
  -------         ENDPROC       USBDEVICEINIT
  -------         PROC          ENP1INTIN
  C:18B8H         LINE#         222
  C:18B8H         LINE#         223
  C:18B8H         LINE#         224
  C:18CBH         LINE#         225
  C:18CEH         LINE#         226
  C:18D1H         LINE#         227
  C:18D7H         LINE#         228
  -------         ENDPROC       ENP1INTIN
  -------         PROC          ENP2INTIN
  C:18D8H         LINE#         236
  C:18D8H         LINE#         237
  C:18D8H         LINE#         238
  C:18EBH         LINE#         239
  C:18EEH         LINE#         240
  C:18F1H         LINE#         241
  C:18F7H         LINE#         242
  -------         ENDPROC       ENP2INTIN
  -------         PROC          DEVICEINTERRUPT
  -------         DO            
  X:01BEH         SYMBOL        len
  -------         ENDDO         
  C:04D3H         LINE#         248
  C:04E0H         LINE#         252
  C:04E6H         LINE#         253
  C:04E6H         LINE#         254
  C:0508H         LINE#         255
  C:0508H         LINE#         256
BL51 BANKED LINKER/LOCATER V6.22                                                      12/06/2024  18:18:44  PAGE 7


  C:0508H         LINE#         257
  C:050BH         LINE#         258
  C:0513H         LINE#         259
  C:0516H         LINE#         260
  C:0516H         LINE#         261
  C:0516H         LINE#         262
  C:051CH         LINE#         263
  C:0522H         LINE#         264
  C:0522H         LINE#         265
  C:0525H         LINE#         266
  C:0525H         LINE#         268
  C:053BH         LINE#         269
  C:0543H         LINE#         270
  C:0549H         LINE#         273
  C:054CH         LINE#         275
  C:054FH         LINE#         280
  C:054FH         LINE#         281
  C:054FH         LINE#         282
  C:0552H         LINE#         283
  C:055AH         LINE#         284
  C:0560H         LINE#         285
  C:0563H         LINE#         286
  C:0563H         LINE#         287
  C:0569H         LINE#         288
  C:0571H         LINE#         289
  C:0571H         LINE#         290
  C:0579H         LINE#         291
  C:0588H         LINE#         292
  C:0588H         LINE#         293
  C:058EH         LINE#         294
  C:058EH         LINE#         295
  C:0593H         LINE#         296
  C:059CH         LINE#         297
  C:059CH         LINE#         298
  C:05A5H         LINE#         299
  C:05A5H         LINE#         300
  C:05ABH         LINE#         304
  C:05ABH         LINE#         305
  C:05B7H         LINE#         306
  C:05B7H         LINE#         307
  C:05BAH         LINE#         309
  C:05BAH         LINE#         310
  C:05BFH         LINE#         311
  C:05C2H         LINE#         312
  C:05C2H         LINE#         314
  C:05CAH         LINE#         315
  C:05FBH         LINE#         316
  C:05FBH         LINE#         317
  C:05FBH         LINE#         318
  C:060BH         LINE#         319
  C:060BH         LINE#         320
  C:060BH         LINE#         321
  C:0619H         LINE#         322
  C:061FH         LINE#         323
  C:0621H         LINE#         324
  C:0621H         LINE#         325
  C:062FH         LINE#         326
BL51 BANKED LINKER/LOCATER V6.22                                                      12/06/2024  18:18:44  PAGE 8


  C:0635H         LINE#         327
  C:0637H         LINE#         328
  C:0637H         LINE#         329
  C:063EH         LINE#         330
  C:063EH         LINE#         331
  C:064CH         LINE#         332
  C:0652H         LINE#         333
  C:0654H         LINE#         335
  C:0658H         LINE#         336
  C:0658H         LINE#         337
  C:0666H         LINE#         338
  C:066CH         LINE#         339
  C:066EH         LINE#         341
  C:066EH         LINE#         342
  C:0674H         LINE#         343
  C:0674H         LINE#         353
  C:0676H         LINE#         354
  C:0676H         LINE#         355
  C:067CH         LINE#         356
  C:067CH         LINE#         357
  C:067CH         LINE#         358
  C:0687H         LINE#         359
  C:0687H         LINE#         360
  C:0687H         LINE#         361
  C:068FH         LINE#         362
  C:0697H         LINE#         363
  C:0697H         LINE#         364
  C:06AEH         LINE#         365
  C:06C6H         LINE#         366
  C:06D7H         LINE#         367
  C:06E2H         LINE#         368
  C:06E5H         LINE#         370
  C:06E5H         LINE#         371
  C:06EDH         LINE#         372
  C:06F0H         LINE#         373
  C:06F0H         LINE#         375
  C:06F8H         LINE#         376
  C:0704H         LINE#         377
  C:0704H         LINE#         378
  C:070AH         LINE#         379
  C:070AH         LINE#         380
  C:070DH         LINE#         381
  C:070DH         LINE#         383
  C:0715H         LINE#         384
  C:0718H         LINE#         385
  C:0718H         LINE#         386
  C:0718H         LINE#         387
  C:0718H         LINE#         389
  C:0722H         LINE#         390
  C:0722H         LINE#         391
  C:0730H         LINE#         392
  C:0730H         LINE#         393
  C:0730H         LINE#         394
  C:0738H         LINE#         395
  C:073BH         LINE#         396
  C:073BH         LINE#         397
  C:0743H         LINE#         398
BL51 BANKED LINKER/LOCATER V6.22                                                      12/06/2024  18:18:44  PAGE 9


  C:0746H         LINE#         399
  C:0746H         LINE#         400
  C:0749H         LINE#         401
  C:074CH         LINE#         402
  C:074CH         LINE#         403
  C:0752H         LINE#         404
  C:0755H         LINE#         405
  C:0755H         LINE#         406
  C:0758H         LINE#         408
  C:0758H         LINE#         409
  C:075EH         LINE#         410
  C:075EH         LINE#         411
  C:0761H         LINE#         412
  C:0761H         LINE#         413
  C:076AH         LINE#         414
  C:076AH         LINE#         415
  C:077BH         LINE#         416
  C:077BH         LINE#         417
  C:0785H         LINE#         418
  C:0785H         LINE#         420
  C:0785H         LINE#         422
  C:0785H         LINE#         423
  C:078BH         LINE#         424
  C:078BH         LINE#         425
  C:078EH         LINE#         427
  C:078EH         LINE#         428
  C:0794H         LINE#         429
  C:0794H         LINE#         430
  C:0797H         LINE#         432
  C:079CH         LINE#         433
  C:079CH         LINE#         434
  C:07ABH         LINE#         435
  C:07ABH         LINE#         436
  C:07C7H         LINE#         437
  C:07C7H         LINE#         438
  C:07C7H         LINE#         439
  C:07CFH         LINE#         442
  C:07D1H         LINE#         444
  C:07D1H         LINE#         445
  C:07D9H         LINE#         448
  C:07DBH         LINE#         450
  C:07DBH         LINE#         451
  C:07E3H         LINE#         454
  C:07E5H         LINE#         456
  C:07E5H         LINE#         457
  C:07EBH         LINE#         458
  C:07EDH         LINE#         459
  C:07EDH         LINE#         460
  C:07EFH         LINE#         462
  C:07EFH         LINE#         463
  C:07F5H         LINE#         464
  C:07F5H         LINE#         465
  C:07F7H         LINE#         467
  C:07F7H         LINE#         468
  C:07FDH         LINE#         469
  C:07FDH         LINE#         470
  C:07FFH         LINE#         471
BL51 BANKED LINKER/LOCATER V6.22                                                      12/06/2024  18:18:44  PAGE 10


  C:07FFH         LINE#         472
  C:0804H         LINE#         473
  C:0806H         LINE#         474
  C:080FH         LINE#         475
  C:080FH         LINE#         476
  C:0815H         LINE#         477
  C:0817H         LINE#         479
  C:0817H         LINE#         480
  C:081FH         LINE#         481
  C:081FH         LINE#         482
  C:0821H         LINE#         483
  C:0821H         LINE#         484
  C:0827H         LINE#         485
  C:0829H         LINE#         486
  C:0829H         LINE#         487
  C:0829H         LINE#         488
  C:082BH         LINE#         490
  C:082BH         LINE#         491
  C:0831H         LINE#         492
  C:0831H         LINE#         493
  C:0839H         LINE#         494
  C:0839H         LINE#         495
  C:083FH         LINE#         498
  C:0842H         LINE#         499
  C:0848H         LINE#         500
  C:0848H         LINE#         501
  C:084AH         LINE#         502
  C:084DH         LINE#         503
  C:0850H         LINE#         505
  C:0850H         LINE#         506
  C:0853H         LINE#         507
  C:0856H         LINE#         508
  C:0856H         LINE#         509
  C:0859H         LINE#         510
  C:0859H         LINE#         511
  C:0864H         LINE#         512
  C:0864H         LINE#         513
  C:0864H         LINE#         514
  C:087BH         LINE#         515
  C:0893H         LINE#         516
  C:08A4H         LINE#         517
  C:08AFH         LINE#         518
  C:08B5H         LINE#         519
  C:08B8H         LINE#         520
  C:08BAH         LINE#         521
  C:08BAH         LINE#         522
  C:08C6H         LINE#         523
  C:08C9H         LINE#         524
  C:08C9H         LINE#         525
  C:08C9H         LINE#         528
  C:08C9H         LINE#         529
  C:08C9H         LINE#         530
  C:08D0H         LINE#         531
  C:08D0H         LINE#         532
  C:08D3H         LINE#         533
  C:08D6H         LINE#         534
  C:08D6H         LINE#         535
BL51 BANKED LINKER/LOCATER V6.22                                                      12/06/2024  18:18:44  PAGE 11


  C:08D8H         LINE#         536
  C:08D8H         LINE#         537
  C:08DEH         LINE#         538
  C:08E3H         LINE#         539
  C:08E3H         LINE#         540
  C:08E3H         LINE#         541
  C:08E3H         LINE#         545
  C:08E3H         LINE#         546
  C:08E3H         LINE#         547
  C:08E3H         LINE#         551
  C:08E3H         LINE#         552
  C:08E3H         LINE#         553
  C:08E6H         LINE#         554
  C:08E9H         LINE#         555
  C:08E9H         LINE#         556
  C:08E9H         LINE#         557
  C:08E9H         LINE#         558
  C:08E9H         LINE#         559
  C:08EBH         LINE#         560
  C:08EBH         LINE#         561
  C:08EEH         LINE#         562
  C:08EEH         LINE#         563
  C:08F1H         LINE#         564
  C:08F4H         LINE#         565
  C:08F7H         LINE#         566
  C:08FAH         LINE#         567
  C:08FCH         LINE#         568
  C:08FEH         LINE#         569
  C:0900H         LINE#         570
  C:0900H         LINE#         571
  C:0903H         LINE#         572
  C:0903H         LINE#         573
  C:0905H         LINE#         574
  C:090AH         LINE#         575
  C:090AH         LINE#         579
  C:090FH         LINE#         580
  C:090FH         LINE#         583
  C:090FH         LINE#         584
  C:0912H         LINE#         585
  C:0915H         LINE#         586
  C:0918H         LINE#         587
  C:091BH         LINE#         588
  C:091EH         LINE#         589
  C:0921H         LINE#         590
  C:0924H         LINE#         591
  C:0924H         LINE#         592
  C:0926H         LINE#         593
  C:0926H         LINE#         594
  C:0929H         LINE#         595
  C:0929H         LINE#         596
  -------         ENDPROC       DEVICEINTERRUPT
  -------         PROC          _SENDKEY
  D:0001H         SYMBOL        p
  -------         DO            
  D:0006H         SYMBOL        c
  -------         ENDDO         
  C:0E46H         LINE#         606
BL51 BANKED LINKER/LOCATER V6.22                                                      12/06/2024  18:18:44  PAGE 12


  C:0E46H         LINE#         607
  C:0E46H         LINE#         609
  C:0E4AH         LINE#         611
  C:0E59H         LINE#         612
  C:0E5DH         LINE#         613
  C:0E5DH         LINE#         615
  C:0E6DH         LINE#         616
  C:0E74H         LINE#         617
  C:0E77H         LINE#         619
  C:0E87H         LINE#         620
  C:0E91H         LINE#         622
  C:0E91H         LINE#         623
  C:0EBDH         LINE#         624
  C:0EBDH         LINE#         625
  C:0EC3H         LINE#         626
  C:0EC9H         LINE#         627
  C:0ECBH         LINE#         628
  C:0ECBH         LINE#         629
  C:0ED1H         LINE#         630
  C:0ED3H         LINE#         631
  C:0ED3H         LINE#         632
  C:0ED9H         LINE#         633
  C:0EDBH         LINE#         634
  C:0EDBH         LINE#         635
  C:0EE1H         LINE#         636
  C:0EE3H         LINE#         637
  C:0EE3H         LINE#         638
  C:0EE9H         LINE#         639
  C:0EEFH         LINE#         640
  C:0EF1H         LINE#         641
  C:0EF1H         LINE#         642
  C:0EF6H         LINE#         643
  C:0EFCH         LINE#         644
  C:0EFEH         LINE#         645
  C:0EFEH         LINE#         646
  C:0F04H         LINE#         647
  C:0F0AH         LINE#         648
  C:0F0CH         LINE#         649
  C:0F0CH         LINE#         650
  C:0F12H         LINE#         651
  C:0F18H         LINE#         652
  C:0F1AH         LINE#         653
  C:0F1AH         LINE#         654
  C:0F20H         LINE#         655
  C:0F22H         LINE#         656
  C:0F22H         LINE#         657
  C:0F28H         LINE#         658
  C:0F2AH         LINE#         659
  C:0F2AH         LINE#         660
  C:0F30H         LINE#         661
  C:0F35H         LINE#         662
  C:0F37H         LINE#         663
  C:0F37H         LINE#         664
  C:0F3DH         LINE#         665
  C:0F43H         LINE#         666
  C:0F43H         LINE#         667
  C:0F43H         LINE#         668
BL51 BANKED LINKER/LOCATER V6.22                                                      12/06/2024  18:18:44  PAGE 13


  C:0F43H         LINE#         669
  C:0F43H         LINE#         670
  C:0F43H         LINE#         672
  C:0F4AH         LINE#         673
  C:0F50H         LINE#         674
  C:0F53H         LINE#         675
  C:0F59H         LINE#         676
  C:0F60H         LINE#         677
  C:0F65H         LINE#         678
  C:0F69H         LINE#         679
  C:0F6FH         LINE#         680
  C:0F72H         LINE#         681
  C:0F78H         LINE#         682
  -------         ENDPROC       _SENDKEY
  -------         PROC          UPLOADDATA
  -------         DO            
  X:004FH         SYMBOL        i
  -------         ENDDO         
  C:186EH         LINE#         691
  C:186EH         LINE#         692
  C:186EH         LINE#         694
  C:1874H         LINE#         695
  C:1893H         LINE#         696
  -------         ENDPROC       UPLOADDATA
  -------         PROC          _USB_SEND_KEY
  D:0001H         SYMBOL        p
  -------         DO            
  X:01CBH         SYMBOL        c
  -------         ENDDO         
  C:0CE0H         LINE#         738
  C:0CE0H         LINE#         739
  C:0CE0H         LINE#         741
  C:0CE7H         LINE#         743
  C:0CF6H         LINE#         745
  C:0D0AH         LINE#         746
  C:0D0EH         LINE#         747
  C:0D0EH         LINE#         749
  C:0D22H         LINE#         750
  C:0D29H         LINE#         751
  C:0D2CH         LINE#         753
  C:0D40H         LINE#         754
  C:0D4AH         LINE#         756
  C:0D4AH         LINE#         757
  C:0D7CH         LINE#         758
  C:0D7CH         LINE#         759
  C:0D81H         LINE#         760
  C:0D87H         LINE#         761
  C:0D8AH         LINE#         763
  C:0D8AH         LINE#         764
  C:0D90H         LINE#         765
  C:0D96H         LINE#         766
  C:0D98H         LINE#         767
  C:0D98H         LINE#         768
  C:0D9EH         LINE#         769
  C:0DA0H         LINE#         770
  C:0DA0H         LINE#         771
  C:0DA6H         LINE#         772
BL51 BANKED LINKER/LOCATER V6.22                                                      12/06/2024  18:18:44  PAGE 14


  C:0DA8H         LINE#         773
  C:0DA8H         LINE#         774
  C:0DAEH         LINE#         775
  C:0DB0H         LINE#         776
  C:0DB0H         LINE#         777
  C:0DB6H         LINE#         778
  C:0DBCH         LINE#         779
  C:0DBEH         LINE#         780
  C:0DBEH         LINE#         781
  C:0DC3H         LINE#         782
  C:0DC9H         LINE#         783
  C:0DCBH         LINE#         784
  C:0DCBH         LINE#         785
  C:0DD1H         LINE#         786
  C:0DD7H         LINE#         787
  C:0DD9H         LINE#         788
  C:0DD9H         LINE#         789
  C:0DDFH         LINE#         790
  C:0DE5H         LINE#         791
  C:0DE7H         LINE#         792
  C:0DE7H         LINE#         793
  C:0DEDH         LINE#         794
  C:0DEFH         LINE#         795
  C:0DEFH         LINE#         796
  C:0DF5H         LINE#         797
  C:0DF7H         LINE#         798
  C:0DF7H         LINE#         799
  C:0DFDH         LINE#         800
  C:0E02H         LINE#         801
  C:0E04H         LINE#         802
  C:0E04H         LINE#         803
  C:0E0AH         LINE#         804
  C:0E10H         LINE#         805
  C:0E10H         LINE#         806
  C:0E10H         LINE#         807
  C:0E10H         LINE#         808
  C:0E10H         LINE#         809
  C:0E10H         LINE#         811
  C:0E17H         LINE#         812
  C:0E1DH         LINE#         813
  C:0E20H         LINE#         814
  C:0E26H         LINE#         815
  C:0E2DH         LINE#         816
  C:0E32H         LINE#         817
  C:0E36H         LINE#         818
  C:0E3CH         LINE#         819
  C:0E3FH         LINE#         820
  C:0E45H         LINE#         821
  -------         ENDPROC       _USB_SEND_KEY
  -------         PROC          USB_SEND_KEYS_FROM_FLASH
  -------         DO            
  X:01CBH         SYMBOL        hid_report
  X:01D3H         SYMBOL        read_len
  -------         ENDDO         
  C:158EH         LINE#         824
  C:158EH         LINE#         825
  C:158EH         LINE#         826
BL51 BANKED LINKER/LOCATER V6.22                                                      12/06/2024  18:18:44  PAGE 15


  C:15A1H         LINE#         827
  C:15A6H         LINE#         830
  C:15B8H         LINE#         831
  C:15BCH         LINE#         832
  C:15BCH         LINE#         834
  C:15BCH         LINE#         840
  C:15CFH         LINE#         843
  C:15D5H         LINE#         844
  C:15D8H         LINE#         845
  C:15DEH         LINE#         848
  C:15E5H         LINE#         852
  C:15F4H         LINE#         853
  C:15FAH         LINE#         854
  C:15FDH         LINE#         855
  C:1603H         LINE#         858
  -------         ENDPROC       USB_SEND_KEYS_FROM_FLASH
  -------         PROC          _USB_CALCULATE_CHECKSUM
  X:01DFH         SYMBOL        compound_data
  D:0005H         SYMBOL        len
  -------         DO            
  D:0007H         SYMBOL        checksum
  D:0006H         SYMBOL        i
  -------         ENDDO         
  C:1841H         LINE#         868
  C:184CH         LINE#         869
  C:184CH         LINE#         870
  C:184EH         LINE#         873
  C:1855H         LINE#         874
  C:1855H         LINE#         875
  C:186AH         LINE#         876
  C:186DH         LINE#         878
  C:186DH         LINE#         879
  -------         ENDPROC       _USB_CALCULATE_CHECKSUM
  -------         PROC          _USB_CHECK_VALID_PACKET
  X:01D9H         SYMBOL        compound_data
  X:01DCH         SYMBOL        len
  -------         DO            
  X:01DDH         SYMBOL        expected_checksum
  X:01DEH         SYMBOL        recved_checksum
  D:0004H         SYMBOL        length
  -------         ENDDO         
  C:166FH         LINE#         881
  C:167DH         LINE#         882
  C:167DH         LINE#         895
  C:1680H         LINE#         896
  C:1682H         LINE#         897
  C:1683H         LINE#         899
  C:1698H         LINE#         900
  C:1698H         LINE#         901
  C:169BH         LINE#         902
  C:169BH         LINE#         904
  C:16A2H         LINE#         906
  C:16ABH         LINE#         907
  C:16C5H         LINE#         908
  C:16C8H         LINE#         909
  C:16C8H         LINE#         910
  C:16CBH         LINE#         911
BL51 BANKED LINKER/LOCATER V6.22                                                      12/06/2024  18:18:44  PAGE 16


  C:16CBH         LINE#         913
  C:16CDH         LINE#         915
  -------         ENDPROC       _USB_CHECK_VALID_PACKET
  -------         PROC          _COMPOUND_PROCESS_RECV_DATA
  X:01C0H         SYMBOL        len
  -------         DO            
  X:01C1H         SYMBOL        opcode
  -------         DO            
  X:01C2H         SYMBOL        checksum
  X:01C3H         SYMBOL        length
  X:01C4H         SYMBOL        i
  X:01C2H         SYMBOL        checksum
  X:01C3H         SYMBOL        length
  X:01C4H         SYMBOL        i
  X:01C2H         SYMBOL        checksum
  X:01C3H         SYMBOL        length
  X:01C4H         SYMBOL        i
  X:01C2H         SYMBOL        key_values
  X:01CAH         SYMBOL        saved_key_values
  X:01D2H         SYMBOL        read_len
  X:01D3H         SYMBOL        erase_len
  X:01D4H         SYMBOL        write_len
  X:01D5H         SYMBOL        i
  X:01D6H         SYMBOL        length
  X:01D7H         SYMBOL        errcode
  X:01D8H         SYMBOL        checksum
  -------         ENDDO         
  -------         DO            
  X:01C2H         SYMBOL        checksum
  X:01C3H         SYMBOL        length
  X:01C4H         SYMBOL        i
  X:01C2H         SYMBOL        checksum
  X:01C3H         SYMBOL        length
  X:01C4H         SYMBOL        i
  X:01C2H         SYMBOL        key_values
  X:01CAH         SYMBOL        saved_key_values
  X:01D2H         SYMBOL        read_len
  X:01D3H         SYMBOL        erase_len
  X:01D4H         SYMBOL        write_len
  X:01D5H         SYMBOL        i
  X:01D6H         SYMBOL        length
  X:01D7H         SYMBOL        errcode
  X:01D8H         SYMBOL        checksum
  -------         ENDDO         
  -------         DO            
  X:01C2H         SYMBOL        checksum
  X:01C3H         SYMBOL        length
  X:01C4H         SYMBOL        i
  X:01C2H         SYMBOL        key_values
  X:01CAH         SYMBOL        saved_key_values
  X:01D2H         SYMBOL        read_len
  X:01D3H         SYMBOL        erase_len
  X:01D4H         SYMBOL        write_len
  X:01D5H         SYMBOL        i
  X:01D6H         SYMBOL        length
  X:01D7H         SYMBOL        errcode
  X:01D8H         SYMBOL        checksum
BL51 BANKED LINKER/LOCATER V6.22                                                      12/06/2024  18:18:44  PAGE 17


  -------         ENDDO         
  -------         DO            
  X:01C2H         SYMBOL        key_values
  X:01CAH         SYMBOL        saved_key_values
  X:01D2H         SYMBOL        read_len
  X:01D3H         SYMBOL        erase_len
  X:01D4H         SYMBOL        write_len
  X:01D5H         SYMBOL        i
  X:01D6H         SYMBOL        length
  X:01D7H         SYMBOL        errcode
  X:01D8H         SYMBOL        checksum
  -------         ENDDO         
  -------         ENDDO         
  C:0934H         LINE#         924
  C:093AH         LINE#         925
  C:093AH         LINE#         935
  C:0949H         LINE#         936
  C:0949H         LINE#         938
  C:0951H         LINE#         940
  C:096CH         LINE#         941
  C:096CH         LINE#         942
  C:096CH         LINE#         943
  C:096CH         LINE#         956
  C:0971H         LINE#         957
  C:0975H         LINE#         958
  C:0978H         LINE#         961
  C:097DH         LINE#         969
  C:0981H         LINE#         970
  C:0985H         LINE#         971
  C:098DH         LINE#         972
  C:0995H         LINE#         973
  C:0998H         LINE#         978
  C:099BH         LINE#         979
  C:099EH         LINE#         980
  C:09A2H         LINE#         981
  C:09A6H         LINE#         982
  C:09AAH         LINE#         983
  C:09AEH         LINE#         984
  C:09B2H         LINE#         987
  C:09C2H         LINE#         988
  C:09C2H         LINE#         989
  C:09D4H         LINE#         990
  C:09DCH         LINE#         991
  C:09E4H         LINE#         994
  C:09F3H         LINE#         997
  C:0A06H         LINE#         998
  C:0A09H         LINE#         999
  C:0A0CH         LINE#         1001
  C:0A0DH         LINE#         1002
  C:0A0DH         LINE#         1003
  C:0A0DH         LINE#         1004
  C:0A0DH         LINE#         1015
  C:0A12H         LINE#         1016
  C:0A16H         LINE#         1017
  C:0A19H         LINE#         1020
  C:0A1FH         LINE#         1021
  C:0A1FH         LINE#         1022
BL51 BANKED LINKER/LOCATER V6.22                                                      12/06/2024  18:18:44  PAGE 18


  C:0A21H         LINE#         1023
  C:0A23H         LINE#         1024
  C:0A2AH         LINE#         1025
  C:0A2AH         LINE#         1028
  C:0A30H         LINE#         1029
  C:0A34H         LINE#         1030
  C:0A3CH         LINE#         1031
  C:0A44H         LINE#         1032
  C:0A47H         LINE#         1034
  C:0A56H         LINE#         1035
  C:0A56H         LINE#         1036
  C:0A68H         LINE#         1037
  C:0A70H         LINE#         1038
  C:0A78H         LINE#         1039
  C:0A87H         LINE#         1042
  C:0A9AH         LINE#         1043
  C:0A9DH         LINE#         1044
  C:0AA0H         LINE#         1046
  C:0AA1H         LINE#         1047
  C:0AA1H         LINE#         1048
  C:0AA1H         LINE#         1049
  C:0AA1H         LINE#         1054
  C:0AA6H         LINE#         1055
  C:0AAAH         LINE#         1056
  C:0AADH         LINE#         1059
  C:0AB3H         LINE#         1060
  C:0AB3H         LINE#         1061
  C:0AB5H         LINE#         1062
  C:0AB7H         LINE#         1063
  C:0ABEH         LINE#         1064
  C:0ABEH         LINE#         1067
  C:0AC4H         LINE#         1068
  C:0AC8H         LINE#         1069
  C:0AD0H         LINE#         1070
  C:0AD8H         LINE#         1071
  C:0ADBH         LINE#         1073
  C:0AEAH         LINE#         1074
  C:0AEAH         LINE#         1075
  C:0AFCH         LINE#         1076
  C:0B04H         LINE#         1077
  C:0B0CH         LINE#         1078
  C:0B1BH         LINE#         1081
  C:0B2EH         LINE#         1082
  C:0B31H         LINE#         1083
  C:0B34H         LINE#         1085
  C:0B35H         LINE#         1086
  C:0B35H         LINE#         1087
  C:0B35H         LINE#         1088
  C:0B35H         LINE#         1090
  C:0B48H         LINE#         1092
  C:0B5BH         LINE#         1093
  C:0B60H         LINE#         1094
  C:0B62H         LINE#         1095
  C:0B64H         LINE#         1096
  C:0B66H         LINE#         1097
  C:0B6AH         LINE#         1098
  C:0B6DH         LINE#         1099
BL51 BANKED LINKER/LOCATER V6.22                                                      12/06/2024  18:18:44  PAGE 19


  C:0B6FH         LINE#         1102
  C:0B81H         LINE#         1107
  C:0B93H         LINE#         1108
  C:0B9AH         LINE#         1109
  C:0B9AH         LINE#         1110
  C:0B9AH         LINE#         1111
  C:0B9AH         LINE#         1113
  C:0BB3H         LINE#         1114
  C:0BB3H         LINE#         1116
  C:0BB3H         LINE#         1117
  C:0BB3H         LINE#         1120
  C:0BBFH         LINE#         1121
  C:0BC6H         LINE#         1122
  C:0BC6H         LINE#         1123
  C:0BC6H         LINE#         1124
  C:0BC6H         LINE#         1127
  C:0BDCH         LINE#         1128
  C:0BE3H         LINE#         1129
  C:0BE3H         LINE#         1130
  C:0BE3H         LINE#         1131
  C:0BE3H         LINE#         1134
  C:0BF5H         LINE#         1135
  C:0BFCH         LINE#         1136
  C:0BFCH         LINE#         1137
  C:0BFCH         LINE#         1138
  C:0BFCH         LINE#         1140
  C:0C0FH         LINE#         1146
  C:0C15H         LINE#         1147
  C:0C19H         LINE#         1148
  C:0C21H         LINE#         1149
  C:0C29H         LINE#         1150
  C:0C2CH         LINE#         1153
  C:0C3EH         LINE#         1156
  C:0C5EH         LINE#         1157
  C:0C5EH         LINE#         1158
  C:0C70H         LINE#         1159
  C:0C78H         LINE#         1161
  C:0C80H         LINE#         1164
  C:0C8FH         LINE#         1167
  C:0CA2H         LINE#         1168
  C:0CA5H         LINE#         1169
  C:0CA8H         LINE#         1171
  C:0CA9H         LINE#         1172
  C:0CA9H         LINE#         1174
  C:0CA9H         LINE#         1175
  C:0CA9H         LINE#         1182
  C:0CA9H         LINE#         1183
  C:0CA9H         LINE#         1185
  C:0CA9H         LINE#         1187
  C:0CAAH         LINE#         1189
  C:0CAAH         LINE#         1190
  C:0CC0H         LINE#         1191
  C:0CD6H         LINE#         1192
  C:0CDCH         LINE#         1193
  C:0CDFH         LINE#         1194
  C:0CDFH         LINE#         1197
  -------         ENDPROC       _COMPOUND_PROCESS_RECV_DATA
BL51 BANKED LINKER/LOCATER V6.22                                                      12/06/2024  18:18:44  PAGE 20


  -------         ENDMOD        COMPOUND

  -------         MODULE        MAIN
  C:0000H         SYMBOL        _ICE_DUMMY_
  D:0090H         PUBLIC        P1
  D:00B0H         PUBLIC        P3
  B:00A8H.7       PUBLIC        EA
  B:0090H.6       PUBLIC        LED1
  D:00E8H         PUBLIC        IE_EX
  D:00A8H         PUBLIC        IE
  D:00D3H         PUBLIC        UEP1_T_LEN
  D:00D5H         PUBLIC        UEP2_T_LEN
  D:00B8H         PUBLIC        IP
  D:00FFH         PUBLIC        WDOG_COUNT
  C:0F79H         PUBLIC        _handle_key_event
  D:00D8H         PUBLIC        USB_INT_FG
  C:12A7H         PUBLIC        main
  D:0098H         PUBLIC        SCON
  D:0088H         PUBLIC        TCON
  D:00F8H         PUBLIC        SPI0_STAT
  C:1974H         SYMBOL        _?ix1000
  C:197CH         SYMBOL        _?ix1001
  C:17D7H         PUBLIC        soft_reset
  C:19C5H         PUBLIC        wdog_init
  D:0080H         PUBLIC        ADC_CTRL
  D:00A1H         PUBLIC        SAFE_MOD
  D:00B1H         PUBLIC        GLOBAL_CFG
  D:00C0H         PUBLIC        SCON1
  D:00C8H         PUBLIC        T2CON
  C:19A8H         PUBLIC        led_flash_handler
  D:00D0H         PUBLIC        PSW
  -------         PROC          SOFT_RESET
  -------         DO            
  X:01C0H         SYMBOL        i
  -------         ENDDO         
  C:17D7H         LINE#         25
  C:17D7H         LINE#         26
  C:17D7H         LINE#         27
  C:17DCH         LINE#         28
  C:17DDH         LINE#         29
  C:17DDH         LINE#         30
  C:17DFH         LINE#         31
  C:17E6H         LINE#         32
  C:17E8H         LINE#         33
  C:17EFH         LINE#         34
  C:17FBH         LINE#         36
  C:17FDH         LINE#         37
  C:1804H         LINE#         39
  C:1807H         LINE#         40
  C:180AH         LINE#         41
  C:180DH         LINE#         42
  -------         ENDPROC       SOFT_RESET
  -------         PROC          LED_FLASH_HANDLER
  C:19A8H         LINE#         44
  C:19A8H         LINE#         45
  C:19A8H         LINE#         53
  C:19B3H         LINE#         54
BL51 BANKED LINKER/LOCATER V6.22                                                      12/06/2024  18:18:44  PAGE 21


  C:19B3H         LINE#         55
  C:19B6H         LINE#         56
  C:19B6H         LINE#         58
  -------         ENDPROC       LED_FLASH_HANDLER
  -------         PROC          _HANDLE_KEY_EVENT
  D:0007H         SYMBOL        event
  -------         DO            
  X:01C0H         SYMBOL        key_vals
  X:01C8H         SYMBOL        read_len
  -------         DO            
  X:01C9H         SYMBOL        i
  X:01CAH         SYMBOL        is_empty
  -------         ENDDO         
  -------         ENDDO         
  -------         DO            
  X:01C0H         SYMBOL        key_vals
  X:01C8H         SYMBOL        read_len
  -------         DO            
  X:01C9H         SYMBOL        i
  X:01CAH         SYMBOL        is_empty
  -------         ENDDO         
  -------         ENDDO         
  C:0F79H         LINE#         60
  C:0F79H         LINE#         61
  C:0F79H         LINE#         62
  C:0F87H         LINE#         63
  C:0F87H         LINE#         64
  C:0F87H         LINE#         65
  C:0F87H         LINE#         66
  C:0F9AH         LINE#         67
  C:0FACH         LINE#         68
  C:0FB0H         LINE#         69
  C:0FB0H         LINE#         72
  C:0FB5H         LINE#         73
  C:0FC4H         LINE#         74
  C:0FC4H         LINE#         75
  C:0FD2H         LINE#         76
  C:0FD2H         LINE#         77
  C:0FD7H         LINE#         78
  C:0FD9H         LINE#         79
  C:0FD9H         LINE#         80
  C:0FE1H         LINE#         82
  C:0FE7H         LINE#         83
  C:0FE7H         LINE#         85
  C:0FF0H         LINE#         86
  C:0FF2H         LINE#         88
  C:0FF2H         LINE#         90
  C:0FF5H         LINE#         91
  C:0FF5H         LINE#         92
  C:0FF7H         LINE#         94
  C:0FF7H         LINE#         96
  C:1000H         LINE#         97
  C:1000H         LINE#         99
  C:1002H         LINE#         100
  C:1009H         LINE#         101
  C:100BH         LINE#         102
  C:1012H         LINE#         104
BL51 BANKED LINKER/LOCATER V6.22                                                      12/06/2024  18:18:44  PAGE 22


  C:1013H         LINE#         105
  C:1013H         LINE#         107
  C:1013H         LINE#         108
  C:1013H         LINE#         109
  C:1026H         LINE#         110
  C:1038H         LINE#         111
  C:103CH         LINE#         112
  C:103CH         LINE#         115
  C:1041H         LINE#         116
  C:1050H         LINE#         117
  C:1050H         LINE#         118
  C:105EH         LINE#         119
  C:105EH         LINE#         120
  C:1063H         LINE#         121
  C:1065H         LINE#         122
  C:1065H         LINE#         123
  C:106DH         LINE#         125
  C:1073H         LINE#         126
  C:1073H         LINE#         128
  C:107CH         LINE#         129
  C:107EH         LINE#         131
  C:107EH         LINE#         133
  C:1081H         LINE#         134
  C:1081H         LINE#         135
  C:1083H         LINE#         137
  C:1083H         LINE#         139
  C:108CH         LINE#         140
  C:108CH         LINE#         144
  C:108EH         LINE#         145
  C:1095H         LINE#         146
  C:1097H         LINE#         147
  C:109EH         LINE#         149
  C:109EH         LINE#         150
  C:109EH         LINE#         152
  C:109EH         LINE#         153
  C:109EH         LINE#         154
  C:109EH         LINE#         155
  C:109EH         LINE#         157
  C:109EH         LINE#         158
  C:109EH         LINE#         159
  C:109EH         LINE#         160
  C:109EH         LINE#         162
  C:109EH         LINE#         163
  -------         ENDPROC       _HANDLE_KEY_EVENT
  -------         PROC          MAIN
  -------         DO            
  X:01BFH         SYMBOL        i
  -------         DO            
  X:0008H         SYMBOL        my_cnt
  X:0009H         SYMBOL        fail_cnt
  -------         ENDDO         
  -------         ENDDO         
  C:12A7H         LINE#         165
  C:12A7H         LINE#         166
  C:12A7H         LINE#         167
  C:12ACH         LINE#         169
  C:12AFH         LINE#         170
BL51 BANKED LINKER/LOCATER V6.22                                                      12/06/2024  18:18:44  PAGE 23


  C:12B6H         LINE#         171
  C:12B9H         LINE#         173
  C:12BBH         LINE#         174
  C:12C2H         LINE#         175
  C:12C4H         LINE#         176
  C:12CBH         LINE#         178
  C:12D8H         LINE#         185
  C:12DBH         LINE#         186
  C:12DDH         LINE#         187
  C:12E0H         LINE#         188
  C:12E2H         LINE#         189
  C:12E6H         LINE#         190
  C:12EAH         LINE#         191
  C:12EDH         LINE#         192
  C:12F6H         LINE#         194
  C:12F9H         LINE#         196
  C:12FCH         LINE#         198
  C:1303H         LINE#         202
  C:1303H         LINE#         203
  C:1303H         LINE#         212
  C:1309H         LINE#         213
  C:1309H         LINE#         219
  C:130FH         LINE#         220
  C:130FH         LINE#         221
  C:1317H         LINE#         222
  C:131CH         LINE#         223
  C:131CH         LINE#         226
  C:131FH         LINE#         227
  C:1321H         LINE#         229
  C:1321H         LINE#         230
  C:1327H         LINE#         237
  C:132DH         LINE#         238
  C:132DH         LINE#         240
  C:132FH         LINE#         243
  C:1331H         LINE#         244
  C:1333H         LINE#         245
  C:1335H         LINE#         246
  C:1339H         LINE#         247
  C:133DH         LINE#         249
  C:1340H         LINE#         251
  C:1342H         LINE#         253
  C:1348H         LINE#         255
  C:134EH         LINE#         256
  C:134EH         LINE#         257
  C:1351H         LINE#         258
  C:1351H         LINE#         260
  C:1351H         LINE#         262
  C:1351H         LINE#         264
  C:1354H         LINE#         266
  C:135BH         LINE#         267
  -------         ENDPROC       MAIN
  -------         PROC          WDOG_INIT
  C:19C5H         LINE#         270
  C:19C5H         LINE#         271
  C:19C5H         LINE#         273
  C:19C8H         LINE#         274
  C:19CBH         LINE#         277
BL51 BANKED LINKER/LOCATER V6.22                                                      12/06/2024  18:18:44  PAGE 24


  C:19CEH         LINE#         280
  C:19D1H         LINE#         281
  -------         ENDPROC       WDOG_INIT
  -------         ENDMOD        MAIN

  -------         MODULE        DEBUG
  C:0000H         SYMBOL        _ICE_DUMMY_
  D:0090H         PUBLIC        P1
  D:00B0H         PUBLIC        P3
  C:19EAH         PUBLIC        UART1Setup
  C:195BH         PUBLIC        _CH554WDTModeSelect
  C:135EH         PUBLIC        mInitSTDIO
  D:00E8H         PUBLIC        IE_EX
  D:00A8H         PUBLIC        IE
  C:1A10H         PUBLIC        _CH554WDTFeed
  C:1A0CH         PUBLIC        CH554UART0Alter
  D:00B8H         PUBLIC        IP
  B:0098H.0       PUBLIC        RI
  B:0098H.1       PUBLIC        TI
  D:00FFH         PUBLIC        WDOG_COUNT
  D:00B9H         PUBLIC        CLOCK_CFG
  C:1944H         PUBLIC        _mDelaymS
  D:00C2H         PUBLIC        SBAUD1
  B:00C0H.0       PUBLIC        U1RI
  B:00C0H.1       PUBLIC        U1TI
  D:00D8H         PUBLIC        USB_INT_FG
  C:19B7H         PUBLIC        _mDelayuS
  B:00C8H.5       PUBLIC        RCLK
  B:00C8H.4       PUBLIC        TCLK
  D:0099H         PUBLIC        SBUF
  D:0087H         PUBLIC        PCON
  D:0098H         PUBLIC        SCON
  D:0089H         PUBLIC        TMOD
  D:0088H         PUBLIC        TCON
  C:1984H         PUBLIC        CfgFsys
  B:00C0H.5       PUBLIC        U1SMOD
  D:00F8H         PUBLIC        SPI0_STAT
  C:19F4H         PUBLIC        _CH554UART0SendByte
  C:1A04H         PUBLIC        _CH554UART1SendByte
  D:008DH         PUBLIC        TH1
  B:0098H.7       PUBLIC        SM0
  B:0098H.6       PUBLIC        SM1
  B:0098H.5       PUBLIC        SM2
  B:00C0H.7       PUBLIC        U1SM0
  B:0088H.6       PUBLIC        TR1
  C:0003H         PUBLIC        CH554UART0RcvByte
  C:19FCH         PUBLIC        CH554UART1RcvByte
  D:0080H         PUBLIC        ADC_CTRL
  D:00A1H         PUBLIC        SAFE_MOD
  D:00C1H         PUBLIC        SBUF1
  D:00B1H         PUBLIC        GLOBAL_CFG
  D:00C0H         PUBLIC        SCON1
  B:0098H.4       PUBLIC        REN
  D:00C9H         PUBLIC        T2MOD
  D:00C8H         PUBLIC        T2CON
  B:00C0H.4       PUBLIC        U1REN
  D:00C6H         PUBLIC        PIN_FUNC
BL51 BANKED LINKER/LOCATER V6.22                                                      12/06/2024  18:18:44  PAGE 25


  D:00D0H         PUBLIC        PSW
  -------         PROC          CFGFSYS
  C:1984H         LINE#         25
  C:1984H         LINE#         26
  C:1984H         LINE#         31
  C:1987H         LINE#         32
  C:198AH         LINE#         36
  C:1992H         LINE#         41
  C:1995H         LINE#         42
  -------         ENDPROC       CFGFSYS
  -------         PROC          _MDELAYUS
  D:0006H         SYMBOL        n
  C:19B7H         LINE#         51
  C:19B7H         LINE#         52
  C:19B7H         LINE#         64
  C:19BBH         LINE#         65
  C:19BDH         LINE#         98
  C:19C2H         LINE#         99
  C:19C4H         LINE#         100
  -------         ENDPROC       _MDELAYUS
  -------         PROC          _MDELAYMS
  D:0004H         SYMBOL        n
  C:1944H         LINE#         109
  C:1948H         LINE#         110
  C:1948H         LINE#         111
  C:194CH         LINE#         116
  C:1953H         LINE#         118
  C:1958H         LINE#         119
  C:195AH         LINE#         120
  -------         ENDPROC       _MDELAYMS
  -------         PROC          CH554UART0ALTER
  C:1A0CH         LINE#         129
  C:1A0CH         LINE#         130
  C:1A0CH         LINE#         131
  C:1A0FH         LINE#         132
  -------         ENDPROC       CH554UART0ALTER
  -------         PROC          MINITSTDIO
  -------         DO            
  X:01C0H         SYMBOL        x
  X:01C4H         SYMBOL        x2
  -------         ENDDO         
  C:135EH         LINE#         142
  C:135EH         LINE#         143
  C:135EH         LINE#         147
  C:1360H         LINE#         148
  C:1362H         LINE#         149
  C:1364H         LINE#         151
  C:1366H         LINE#         152
  C:1368H         LINE#         153
  C:136BH         LINE#         154
  C:1375H         LINE#         155
  C:1391H         LINE#         156
  C:13AEH         LINE#         157
  C:13DCH         LINE#         159
  C:13E4H         LINE#         160
  C:13E7H         LINE#         161
  C:13F5H         LINE#         162
BL51 BANKED LINKER/LOCATER V6.22                                                      12/06/2024  18:18:44  PAGE 26


  C:13F7H         LINE#         163
  C:13F9H         LINE#         164
  C:13FBH         LINE#         165
  -------         ENDPROC       MINITSTDIO
  -------         PROC          CH554UART0RCVBYTE
  C:0003H         LINE#         174
  C:0003H         LINE#         175
  C:0003H         LINE#         176
  C:0006H         LINE#         177
  C:0008H         LINE#         178
  C:000AH         LINE#         179
  -------         ENDPROC       CH554UART0RCVBYTE
  -------         PROC          _CH554UART0SENDBYTE
  D:0007H         SYMBOL        SendDat
  C:19F4H         LINE#         188
  C:19F4H         LINE#         189
  C:19F4H         LINE#         190
  C:19F6H         LINE#         191
  C:19F9H         LINE#         192
  C:19FBH         LINE#         193
  -------         ENDPROC       _CH554UART0SENDBYTE
  -------         PROC          UART1SETUP
  C:19EAH         LINE#         202
  C:19EAH         LINE#         203
  C:19EAH         LINE#         204
  C:19ECH         LINE#         205
  C:19EEH         LINE#         206
  C:19F0H         LINE#         207
  C:19F3H         LINE#         208
  -------         ENDPROC       UART1SETUP
  -------         PROC          CH554UART1RCVBYTE
  C:19FCH         LINE#         217
  C:19FCH         LINE#         218
  C:19FCH         LINE#         219
  C:19FFH         LINE#         220
  C:1A01H         LINE#         221
  C:1A03H         LINE#         222
  -------         ENDPROC       CH554UART1RCVBYTE
  -------         PROC          _CH554UART1SENDBYTE
  D:0007H         SYMBOL        SendDat
  C:1A04H         LINE#         231
  C:1A04H         LINE#         232
  C:1A04H         LINE#         233
  C:1A06H         LINE#         234
  C:1A09H         LINE#         235
  C:1A0BH         LINE#         236
  -------         ENDPROC       _CH554UART1SENDBYTE
  -------         PROC          _CH554WDTMODESELECT
  D:0007H         SYMBOL        mode
  C:195BH         LINE#         247
  C:195BH         LINE#         248
  C:195BH         LINE#         249
  C:195EH         LINE#         250
  C:1961H         LINE#         251
  C:1964H         LINE#         252
  C:1967H         LINE#         253
  C:1969H         LINE#         254
BL51 BANKED LINKER/LOCATER V6.22                                                      12/06/2024  18:18:44  PAGE 27


  C:196CH         LINE#         255
  C:196FH         LINE#         256
  C:1971H         LINE#         257
  -------         ENDPROC       _CH554WDTMODESELECT
  -------         PROC          _CH554WDTFEED
  D:0007H         SYMBOL        tim
  C:1A10H         LINE#         268
  C:1A10H         LINE#         269
  C:1A10H         LINE#         270
  C:1A12H         LINE#         271
  -------         ENDPROC       _CH554WDTFEED
  -------         ENDMOD        DEBUG

  -------         MODULE        KEY
  C:0000H         SYMBOL        _ICE_DUMMY_
  D:0090H         PUBLIC        P1
  D:00B0H         PUBLIC        P3
  D:00E8H         PUBLIC        IE_EX
  D:00A8H         PUBLIC        IE
  D:00B8H         PUBLIC        IP
  D:00D8H         PUBLIC        USB_INT_FG
  D:0098H         PUBLIC        SCON
  D:0088H         PUBLIC        TCON
  D:0092H         PUBLIC        P1_MOD_OC
  D:00F8H         PUBLIC        SPI0_STAT
  C:19D2H         PUBLIC        _register_key_cb
  D:0093H         PUBLIC        P1_DIR_PU
  X:004AH         SYMBOL        key_state
  X:004BH         SYMBOL        key_mode
  C:18F8H         PUBLIC        key_scan
  D:0080H         PUBLIC        ADC_CTRL
  C:1894H         PUBLIC        key_init
  D:00C0H         PUBLIC        SCON1
  D:00C8H         PUBLIC        T2CON
  B:0090H.7       PUBLIC        KEY
  B:0090H.1       PUBLIC        MODE_PIN
  X:004CH         SYMBOL        key_cb
  C:1516H         SYMBOL        get_key_event
  D:00D0H         PUBLIC        PSW
  -------         PROC          KEY_INIT
  C:1894H         LINE#         17
  C:1894H         LINE#         18
  C:1894H         LINE#         20
  C:1897H         LINE#         21
  C:189AH         LINE#         24
  C:189DH         LINE#         25
  C:18A0H         LINE#         28
  C:18A3H         LINE#         29
  C:18A3H         LINE#         30
  C:18A8H         LINE#         31
  C:18AEH         LINE#         32
  C:18AFH         LINE#         34
  C:18AFH         LINE#         35
  C:18B1H         LINE#         36
  C:18B7H         LINE#         37
  C:18B7H         LINE#         39
  -------         ENDPROC       KEY_INIT
BL51 BANKED LINKER/LOCATER V6.22                                                      12/06/2024  18:18:44  PAGE 28


  -------         PROC          _REGISTER_KEY_CB
  D:0001H         SYMBOL        cb
  C:19D2H         LINE#         41
  C:19D2H         LINE#         42
  C:19D2H         LINE#         43
  C:19DDH         LINE#         44
  -------         ENDPROC       _REGISTER_KEY_CB
  -------         PROC          GET_KEY_EVENT
  -------         DO            
  X:01C0H         SYMBOL        event
  -------         ENDDO         
  C:1516H         LINE#         46
  C:1516H         LINE#         47
  C:1516H         LINE#         48
  C:151BH         LINE#         49
  C:152CH         LINE#         50
  C:152CH         LINE#         51
  C:152CH         LINE#         52
  C:152CH         LINE#         53
  C:152FH         LINE#         54
  C:1535H         LINE#         56
  C:1537H         LINE#         57
  C:1537H         LINE#         58
  C:1537H         LINE#         59
  C:1537H         LINE#         61
  C:153EH         LINE#         62
  C:1541H         LINE#         63
  C:1541H         LINE#         64
  C:1547H         LINE#         66
  C:154BH         LINE#         67
  C:154BH         LINE#         68
  C:1550H         LINE#         69
  C:1550H         LINE#         70
  C:1552H         LINE#         72
  C:1552H         LINE#         73
  C:1557H         LINE#         74
  C:1557H         LINE#         75
  C:1559H         LINE#         76
  C:1559H         LINE#         77
  C:1559H         LINE#         78
  C:1559H         LINE#         79
  C:155CH         LINE#         80
  C:155CH         LINE#         81
  C:1562H         LINE#         82
  C:1562H         LINE#         83
  C:1564H         LINE#         84
  C:1564H         LINE#         85
  C:1564H         LINE#         86
  C:1564H         LINE#         87
  C:156BH         LINE#         88
  C:156EH         LINE#         89
  C:156EH         LINE#         90
  C:1573H         LINE#         91
  C:1579H         LINE#         92
  C:157BH         LINE#         94
  C:157BH         LINE#         95
  C:1581H         LINE#         96
BL51 BANKED LINKER/LOCATER V6.22                                                      12/06/2024  18:18:44  PAGE 29


  C:1581H         LINE#         97
  C:1583H         LINE#         98
  C:1583H         LINE#         100
  C:1583H         LINE#         101
  C:1583H         LINE#         102
  C:1588H         LINE#         103
  C:1588H         LINE#         104
  C:1588H         LINE#         106
  C:1588H         LINE#         108
  C:158DH         LINE#         109
  -------         ENDPROC       GET_KEY_EVENT
  -------         PROC          KEY_SCAN
  -------         DO            
  D:0007H         SYMBOL        evt
  -------         ENDDO         
  C:18F8H         LINE#         111
  C:18F8H         LINE#         112
  C:18F8H         LINE#         113
  C:18FBH         LINE#         114
  C:190CH         LINE#         115
  C:1913H         LINE#         116
  -------         ENDPROC       KEY_SCAN
  -------         ENDMOD        KEY

  -------         MODULE        TIMER
  C:0000H         SYMBOL        _ICE_DUMMY_
  D:0090H         PUBLIC        P1
  D:00B0H         PUBLIC        P3
  D:00E8H         PUBLIC        IE_EX
  D:00A8H         PUBLIC        IE
  C:192CH         PUBLIC        timer0_init_10ms
  D:00B8H         PUBLIC        IP
  C:1914H         PUBLIC        _CAP1Init
  C:1996H         PUBLIC        _CAP2Init
  D:00CBH         PUBLIC        RCAP2H
  D:00D8H         PUBLIC        USB_INT_FG
  D:00CAH         PUBLIC        RCAP2L
  B:00C8H.1       PUBLIC        C_T2
  B:00C8H.5       PUBLIC        RCLK
  B:00C8H.4       PUBLIC        TCLK
  D:0098H         PUBLIC        SCON
  D:0089H         PUBLIC        TMOD
  D:0088H         PUBLIC        TCON
  D:00F8H         PUBLIC        SPI0_STAT
  B:0090H.6       PUBLIC        WL_LEARN_PIN
  B:00C8H.0       PUBLIC        CP_RL2
  C:19DEH         PUBLIC        _timer0_register_cb
  B:00A8H.1       PUBLIC        ET0
  D:008CH         PUBLIC        TH0
  D:008DH         PUBLIC        TH1
  D:00CDH         PUBLIC        TH2
  D:008AH         PUBLIC        TL0
  D:008BH         PUBLIC        TL1
  D:00CCH         PUBLIC        TL2
  C:000EH         PUBLIC        _mTimer_x_SetData
  B:0088H.4       PUBLIC        TR0
  D:0080H         PUBLIC        ADC_CTRL
BL51 BANKED LINKER/LOCATER V6.22                                                      12/06/2024  18:18:44  PAGE 30


  C:180EH         PUBLIC        _mTimer_x_ModInit
  B:00C8H.3       PUBLIC        EXEN2
  D:00C0H         PUBLIC        SCON1
  D:00C9H         PUBLIC        T2MOD
  D:00C8H         PUBLIC        T2CON
  C:13FCH         PUBLIC        mTimer0Interrupt
  X:01E6H         SYMBOL        timer0_cb
  D:00D0H         PUBLIC        PSW
  -------         PROC          _MTIMER_X_MODINIT
  D:0007H         SYMBOL        x
  D:0005H         SYMBOL        mode
  C:180EH         LINE#         34
  C:180EH         LINE#         35
  C:180EH         LINE#         36
  C:181AH         LINE#         37
  C:182FH         LINE#         38
  C:183BH         LINE#         39
  C:183EH         LINE#         40
  C:1840H         LINE#         41
  -------         ENDPROC       _MTIMER_X_MODINIT
  -------         PROC          _MTIMER_X_SETDATA
  D:0003H         SYMBOL        x
  D:0004H         SYMBOL        dat
  -------         DO            
  D:0004H         SYMBOL        tmp
  -------         ENDDO         
  C:000EH         LINE#         50
  C:0011H         LINE#         51
  C:0011H         LINE#         53
  C:001BH         LINE#         54
  C:0025H         LINE#         55
  C:0030H         LINE#         56
  C:0034H         LINE#         57
  C:003CH         LINE#         58
  C:0042H         LINE#         59
  C:0042H         LINE#         60
  -------         ENDPROC       _MTIMER_X_SETDATA
  -------         PROC          _CAP2INIT
  D:0007H         SYMBOL        mode
  C:1996H         LINE#         73
  C:1996H         LINE#         74
  C:1996H         LINE#         75
  C:1998H         LINE#         76
  C:199AH         LINE#         77
  C:199CH         LINE#         78
  C:199EH         LINE#         79
  C:19A0H         LINE#         80
  C:19A7H         LINE#         81
  -------         ENDPROC       _CAP2INIT
  -------         PROC          _CAP1INIT
  D:0007H         SYMBOL        mode
  C:1914H         LINE#         94
  C:1914H         LINE#         95
  C:1914H         LINE#         96
  C:1916H         LINE#         97
  C:1918H         LINE#         98
  C:191AH         LINE#         99
BL51 BANKED LINKER/LOCATER V6.22                                                      12/06/2024  18:18:44  PAGE 31


  C:191CH         LINE#         100
  C:192BH         LINE#         101
  -------         ENDPROC       _CAP1INIT
  -------         PROC          _TIMER0_REGISTER_CB
  D:0001H         SYMBOL        cb
  C:19DEH         LINE#         160
  C:19DEH         LINE#         161
  C:19DEH         LINE#         162
  C:19E9H         LINE#         163
  -------         ENDPROC       _TIMER0_REGISTER_CB
  -------         PROC          TIMER0_INIT_10MS
  C:192CH         LINE#         165
  C:192CH         LINE#         166
  C:192CH         LINE#         168
  C:192FH         LINE#         171
  C:1936H         LINE#         176
  C:193FH         LINE#         178
  C:1941H         LINE#         179
  C:1943H         LINE#         181
  -------         ENDPROC       TIMER0_INIT_10MS
  -------         PROC          MTIMER0INTERRUPT
  C:13FCH         LINE#         184
  C:1409H         LINE#         186
  C:1412H         LINE#         187
  C:1422H         LINE#         188
  C:1422H         LINE#         189
  C:142DH         LINE#         190
  C:142DH         LINE#         192
  C:1434H         LINE#         193
  C:1434H         LINE#         194
  C:1449H         LINE#         195
  C:1449H         LINE#         196
  C:144BH         LINE#         197
  C:1450H         LINE#         198
  C:1456H         LINE#         199
  C:1456H         LINE#         200
  C:1456H         LINE#         202
  C:145DH         LINE#         203
  C:145DH         LINE#         204
  C:1472H         LINE#         205
  C:1472H         LINE#         206
  C:1474H         LINE#         207
  C:1479H         LINE#         208
  C:147FH         LINE#         209
  C:147FH         LINE#         210
  C:147FH         LINE#         211
  -------         ENDPROC       MTIMER0INTERRUPT
  -------         ENDMOD        TIMER

  -------         MODULE        DATAFLASH
  C:0000H         SYMBOL        _ICE_DUMMY_
  D:0090H         PUBLIC        P1
  D:00B0H         PUBLIC        P3
  D:0086H         PUBLIC        ROM_CTRL
  D:00E8H         PUBLIC        IE_EX
  D:00A8H         PUBLIC        IE
  D:0085H         PUBLIC        ROM_ADDR_H
BL51 BANKED LINKER/LOCATER V6.22                                                      12/06/2024  18:18:44  PAGE 32


  D:008EH         PUBLIC        ROM_DATA_L
  D:0084H         PUBLIC        ROM_ADDR_L
  D:00B8H         PUBLIC        IP
  D:00D8H         PUBLIC        USB_INT_FG
  D:0098H         PUBLIC        SCON
  D:0088H         PUBLIC        TCON
  D:00F8H         PUBLIC        SPI0_STAT
  D:0080H         PUBLIC        ADC_CTRL
  C:175EH         PUBLIC        _EraseDataFlash
  D:00A1H         PUBLIC        SAFE_MOD
  D:00B1H         PUBLIC        GLOBAL_CFG
  D:00C0H         PUBLIC        SCON1
  D:00C8H         PUBLIC        T2CON
  C:171BH         PUBLIC        _ReadDataFlash
  D:00D0H         PUBLIC        PSW
  C:1604H         PUBLIC        _WriteDataFlash
  -------         PROC          _WRITEDATAFLASH
  D:0007H         SYMBOL        Addr
  X:01DAH         SYMBOL        buf
  X:01DDH         SYMBOL        len
  -------         DO            
  D:0006H         SYMBOL        i
  -------         ENDDO         
  C:1604H         LINE#         20
  C:160FH         LINE#         21
  C:160FH         LINE#         23
  C:1612H         LINE#         24
  C:1615H         LINE#         25
  C:1618H         LINE#         26
  C:161BH         LINE#         27
  C:161EH         LINE#         28
  C:1622H         LINE#         29
  C:162EH         LINE#         30
  C:162EH         LINE#         31
  C:1634H         LINE#         32
  C:1649H         LINE#         33
  C:164EH         LINE#         34
  C:1651H         LINE#         35
  C:1651H         LINE#         36
  C:165DH         LINE#         37
  C:1660H         LINE#         38
  C:1663H         LINE#         39
  C:1666H         LINE#         40
  C:1669H         LINE#         41
  C:166CH         LINE#         42
  C:166EH         LINE#         43
  -------         ENDPROC       _WRITEDATAFLASH
  -------         PROC          _READDATAFLASH
  D:0007H         SYMBOL        Addr
  X:01D9H         SYMBOL        len
  X:01DAH         SYMBOL        buf
  -------         DO            
  D:0006H         SYMBOL        i
  -------         ENDDO         
  C:171BH         LINE#         52
  C:1729H         LINE#         53
  C:1729H         LINE#         55
BL51 BANKED LINKER/LOCATER V6.22                                                      12/06/2024  18:18:44  PAGE 33


  C:172CH         LINE#         56
  C:1730H         LINE#         57
  C:173CH         LINE#         58
  C:1742H         LINE#         59
  C:1745H         LINE#         61
  C:1758H         LINE#         62
  C:175BH         LINE#         63
  C:175DH         LINE#         64
  -------         ENDPROC       _READDATAFLASH
  -------         PROC          _ERASEDATAFLASH
  D:0007H         SYMBOL        Addr
  D:0005H         SYMBOL        len
  -------         DO            
  D:0004H         SYMBOL        i
  D:0006H         SYMBOL        erasedLen
  -------         ENDDO         
  C:175EH         LINE#         74
  C:175EH         LINE#         75
  C:175EH         LINE#         77
  C:1760H         LINE#         79
  C:1763H         LINE#         80
  C:1766H         LINE#         81
  C:1769H         LINE#         82
  C:176BH         LINE#         83
  C:176EH         LINE#         85
  C:1772H         LINE#         86
  C:1779H         LINE#         87
  C:1779H         LINE#         88
  C:177FH         LINE#         89
  C:1782H         LINE#         90
  C:1787H         LINE#         91
  C:178AH         LINE#         92
  C:178BH         LINE#         93
  C:178BH         LINE#         94
  C:178BH         LINE#         95
  C:178BH         LINE#         96
  C:178EH         LINE#         98
  C:1791H         LINE#         99
  C:1794H         LINE#         100
  C:1797H         LINE#         101
  C:179AH         LINE#         103
  C:179CH         LINE#         104
  -------         ENDPROC       _ERASEDATAFLASH
  -------         ENDMOD        DATAFLASH

  -------         MODULE        ?C?COPY
  C:0116H         PUBLIC        ?C?COPY
  -------         ENDMOD        ?C?COPY

  -------         MODULE        ?C?CLDPTR
  C:013CH         PUBLIC        ?C?CLDPTR
  -------         ENDMOD        ?C?CLDPTR

  -------         MODULE        ?C?CLDOPTR
  C:0155H         PUBLIC        ?C?CLDOPTR
  -------         ENDMOD        ?C?CLDOPTR

BL51 BANKED LINKER/LOCATER V6.22                                                      12/06/2024  18:18:44  PAGE 34


  -------         MODULE        ?C?CSTOPTR
  C:0182H         PUBLIC        ?C?CSTOPTR
  -------         ENDMOD        ?C?CSTOPTR

  -------         MODULE        ?C?IILDX
  C:01A4H         PUBLIC        ?C?IILDX
  -------         ENDMOD        ?C?IILDX

  -------         MODULE        ?C?ULDIV
  C:01F6H         PUBLIC        ?C?ULDIV
  -------         ENDMOD        ?C?ULDIV

  -------         MODULE        ?C?LSTXDATA
  C:0288H         PUBLIC        ?C?LSTXDATA
  -------         ENDMOD        ?C?LSTXDATA

  -------         MODULE        ?C?LSTKXDATA
  C:0294H         PUBLIC        ?C?LSTKXDATA
  -------         ENDMOD        ?C?LSTKXDATA

  -------         MODULE        ?C?CCASE
  C:02C5H         PUBLIC        ?C?CCASE
  -------         ENDMOD        ?C?CCASE

  -------         MODULE        ?C?ICALL
  C:02EBH         PUBLIC        ?C?ICALL
  C:02EFH         PUBLIC        ?C?ICALL2
  -------         ENDMOD        ?C?ICALL

  -------         MODULE        RAND
  X:01E2H         PUBLIC        ?SRAND?BYTE
  C:16CEH         PUBLIC        RAND
  C:170CH         PUBLIC        _SRAND
  -------         ENDMOD        RAND

  -------         MODULE        ?C?MEMCMP
  C:0477H         PUBLIC        ?C?MEMCMP
  -------         ENDMOD        ?C?MEMCMP

  -------         MODULE        ?C?MEMSET
  C:049BH         PUBLIC        ?C?MEMSET
  -------         ENDMOD        ?C?MEMSET

  -------         MODULE        ?C?LLDXDATA
  C:04C7H         PUBLIC        ?C?LLDXDATA
  -------         ENDMOD        ?C?LLDXDATA

Program Size: data=17.0 xdata=489 code=6675
LINK/LOCATE RUN COMPLETE.  0 WARNING(S),  0 ERROR(S)
