BL51 BANKED LINKER/LOCATER V6.22                                                        12/02/2024  10:35:39  PAGE 1


BL51 BANKED LINKER/LOCATER V6.22, INVOKED BY:
D:\INSTALLATIONS\KEIL_C51\C51\BIN\BL51.EXE .\obj\Compound.obj, .\obj\main.obj, .\obj\DEBUG.obj, .\obj\key.obj, .\obj\Tim
>> er.obj TO .\obj\Compound_Dev PRINT (.\list\Compound_Dev.m51) RAMSIZE (256) DISABLEWARNING (16)


MEMORY MODEL: LARGE


INPUT MODULES INCLUDED:
  .\obj\Compound.obj (COMPOUND)
  .\obj\main.obj (MAIN)
  .\obj\DEBUG.obj (DEBUG)
  .\obj\key.obj (KEY)
  .\obj\Timer.obj (TIMER)
  D:\INSTALLATIONS\KEIL_C51\C51\LIB\C51L.LIB (?C_STARTUP)
  D:\INSTALLATIONS\KEIL_C51\C51\LIB\C51L.LIB (?C?COPY)
  D:\INSTALLATIONS\KEIL_C51\C51\LIB\C51L.LIB (?C?CLDPTR)
  D:\INSTALLATIONS\KEIL_C51\C51\LIB\C51L.LIB (?C?CLDOPTR)
  D:\INSTALLATIONS\KEIL_C51\C51\LIB\C51L.LIB (?C?IILDX)
  D:\INSTALLATIONS\KEIL_C51\C51\LIB\C51L.LIB (?C?ULDIV)
  D:\INSTALLATIONS\KEIL_C51\C51\LIB\C51L.LIB (?C?LSTXDATA)
  D:\INSTALLATIONS\KEIL_C51\C51\LIB\C51L.LIB (?C?LSTKXDATA)
  D:\INSTALLATIONS\KEIL_C51\C51\LIB\C51L.LIB (?C?CCASE)
  D:\INSTALLATIONS\KEIL_C51\C51\LIB\C51L.LIB (?C?ICALL)
  D:\INSTALLATIONS\KEIL_C51\C51\LIB\C51L.LIB (PRINTF)
  D:\INSTALLATIONS\KEIL_C51\C51\LIB\C51L.LIB (RAND)
  D:\INSTALLATIONS\KEIL_C51\C51\LIB\C51L.LIB (?C?MEMSET)
  D:\INSTALLATIONS\KEIL_C51\C51\LIB\C51L.LIB (?C_INIT)
  D:\INSTALLATIONS\KEIL_C51\C51\LIB\C51L.LIB (?C?CSTPTR)
  D:\INSTALLATIONS\KEIL_C51\C51\LIB\C51L.LIB (?C?LLDXDATA)
  D:\INSTALLATIONS\KEIL_C51\C51\LIB\C51L.LIB (?C?PLDIXDATA)
  D:\INSTALLATIONS\KEIL_C51\C51\LIB\C51L.LIB (?C?PSTXDATA)
  D:\INSTALLATIONS\KEIL_C51\C51\LIB\C51L.LIB (PUTCHAR)


LINK MAP OF MODULE:  .\obj\Compound_Dev (COMPOUND)


            TYPE    BASE      LENGTH    RELOCATION   SEGMENT NAME
            -----------------------------------------------------

            * * * * * * *   D A T A   M E M O R Y   * * * * * * *
            REG     0000H     0008H     ABSOLUTE     "REG BANK 0"
            REG     0008H     0008H     ABSOLUTE     "REG BANK 1"
            DATA    0010H     0005H     UNIT         ?DT?PRINTF?PRINTF
                    0015H     000BH                  *** GAP ***
            BIT     0020H.0   0001H.1   UNIT         ?BI?PRINTF?PRINTF
                    0021H.1   0000H.7                *** GAP ***
            IDATA   0022H     0001H     UNIT         ?STACK

            * * * * * * *  X D A T A   M E M O R Y  * * * * * * *
            XDATA   0000H     0008H     ABSOLUTE     
            XDATA   0008H     0002H     UNIT         ?XD?HIDVALUEHANDLE?COMPOUND
            XDATA   000AH     0040H     ABSOLUTE     
            XDATA   004AH     0005H     UNIT         ?XD?KEY
            XDATA   004FH     0001H     UNIT         ?XD?UPLOADDATA?COMPOUND
            XDATA   0050H     0080H     ABSOLUTE     
            XDATA   00D0H     00E7H     UNIT         ?XD?COMPOUND
BL51 BANKED LINKER/LOCATER V6.22                                                      12/02/2024  10:35:39  PAGE 2


            XDATA   01B7H     0028H     UNIT         ?XD?PRINTF?PRINTF
            XDATA   01DFH     0010H     UNIT         _XDATA_GROUP_
            XDATA   01EFH     0004H     UNIT         ?XD?RAND?RAND
            XDATA   01F3H     0003H     UNIT         ?XD?TIMER

            * * * * * * *   C O D E   M E M O R Y   * * * * * * *
            CODE    0000H     0003H     ABSOLUTE     
            CODE    0003H     0008H     UNIT         ?PR?CH554UART0RCVBYTE?DEBUG
            CODE    000BH     0003H     ABSOLUTE     
            CODE    000EH     0035H     UNIT         ?PR?_MTIMER_X_SETDATA?TIMER
            CODE    0043H     0003H     ABSOLUTE     
            CODE    0046H     0461H     UNIT         ?PR?DEVICEINTERRUPT?COMPOUND
            CODE    04A7H     0365H     UNIT         ?PR?PRINTF?PRINTF
            CODE    080CH     02F3H     UNIT         ?C?LIB_CODE
            CODE    0AFFH     0262H     UNIT         ?PR?_COMPOUND_PROCESS_RECV_DATA?COMPOUND
            CODE    0D61H     0144H     UNIT         ?PR?_USB_SEND_KEY?COMPOUND
            CODE    0EA5H     0133H     UNIT         ?PR?_SENDKEY?COMPOUND
            CODE    0FD8H     0110H     UNIT         ?C_INITSEG
            CODE    10E8H     00E4H     UNIT         ?CO?COMPOUND
            CODE    11CCH     00A7H     UNIT         ?PR?HIDVALUEHANDLE?COMPOUND
            CODE    1273H     009EH     UNIT         ?PR?MINITSTDIO?DEBUG
            CODE    1311H     008EH     UNIT         ?PR?MTIMER0INTERRUPT?TIMER
            CODE    139FH     008CH     UNIT         ?C_C51STARTUP
            CODE    142BH     0078H     UNIT         ?PR?GET_KEY_EVENT?KEY
            CODE    14A3H     0071H     UNIT         ?PR?MAIN?MAIN
            CODE    1514H     005FH     UNIT         ?PR?_USB_CHECK_VALID_PACKET?COMPOUND
            CODE    1573H     004DH     UNIT         ?PR?RAND?RAND
            CODE    15C0H     0040H     UNIT         ?PR?_HANDLE_KEY_EVENT?MAIN
            CODE    1600H     003AH     UNIT         ?PR?USBDEVICEINIT?COMPOUND
            CODE    163AH     0037H     UNIT         ?PR?SOFT_RESET?MAIN
            CODE    1671H     0033H     UNIT         ?PR?_MTIMER_X_MODINIT?TIMER
            CODE    16A4H     002DH     UNIT         ?PR?_USB_CALCULATE_CHECKSUM?COMPOUND
            CODE    16D1H     0027H     UNIT         ?PR?PUTCHAR?PUTCHAR
            CODE    16F8H     0026H     UNIT         ?PR?UPLOADDATA?COMPOUND
            CODE    171EH     0022H     UNIT         ?PR?KEY_INIT?KEY
            CODE    1740H     0020H     UNIT         ?PR?ENP1INTIN?COMPOUND
            CODE    1760H     0020H     UNIT         ?PR?ENP2INTIN?COMPOUND
            CODE    1780H     001CH     UNIT         ?PR?KEY_SCAN?KEY
            CODE    179CH     0018H     UNIT         ?PR?_CAP1INIT?TIMER
            CODE    17B4H     0018H     UNIT         ?PR?TIMER0_INIT_10MS?TIMER
            CODE    17CCH     0017H     UNIT         ?PR?_MDELAYMS?DEBUG
            CODE    17E3H     0017H     UNIT         ?PR?_CH554WDTMODESELECT?DEBUG
            CODE    17FAH     0012H     UNIT         ?PR?CFGFSYS?DEBUG
            CODE    180CH     0012H     UNIT         ?PR?_CAP2INIT?TIMER
            CODE    181EH     000FH     UNIT         ?PR?LED_FLASH_HANDLER?MAIN
            CODE    182DH     000EH     UNIT         ?PR?_MDELAYUS?DEBUG
            CODE    183BH     000DH     UNIT         ?PR?WDOG_INIT?MAIN
            CODE    1848H     000CH     UNIT         ?PR?_REGISTER_KEY_CB?KEY
            CODE    1854H     000CH     UNIT         ?PR?_TIMER0_REGISTER_CB?TIMER
            CODE    1860H     000AH     UNIT         ?PR?UART1SETUP?DEBUG
            CODE    186AH     0008H     UNIT         ?PR?_CH554UART0SENDBYTE?DEBUG
            CODE    1872H     0008H     UNIT         ?PR?CH554UART1RCVBYTE?DEBUG
            CODE    187AH     0008H     UNIT         ?PR?_CH554UART1SENDBYTE?DEBUG
            CODE    1882H     0004H     UNIT         ?PR?CH554UART0ALTER?DEBUG
            CODE    1886H     0003H     UNIT         ?PR?_CH554WDTFEED?DEBUG
            CODE    1889H     0002H     UNIT         ?CO?MAIN

BL51 BANKED LINKER/LOCATER V6.22                                                      12/02/2024  10:35:39  PAGE 3




OVERLAY MAP OF MODULE:   .\obj\Compound_Dev (COMPOUND)


SEGMENT                                            XDATA_GROUP
  +--> CALLED SEGMENT                            START    LENGTH
----------------------------------------------------------------
?PR?DEVICEINTERRUPT?COMPOUND                     01DFH    0001H
  +--> ?CO?COMPOUND

*** NEW ROOT ***************************************************

?PR?MTIMER0INTERRUPT?TIMER                       -----    -----
  +--> ?PR?_MTIMER_X_SETDATA?TIMER

*** NEW ROOT ***************************************************

?C_C51STARTUP                                    -----    -----
  +--> ?PR?MAIN?MAIN
  +--> ?C_INITSEG

?PR?MAIN?MAIN                                    01E0H    0001H
  +--> ?PR?CFGFSYS?DEBUG
  +--> ?PR?_MDELAYMS?DEBUG
  +--> ?PR?MINITSTDIO?DEBUG
  +--> ?PR?USBDEVICEINIT?COMPOUND
  +--> ?PR?KEY_INIT?KEY
  +--> ?PR?_HANDLE_KEY_EVENT?MAIN
  +--> ?PR?_REGISTER_KEY_CB?KEY
  +--> ?PR?TIMER0_INIT_10MS?TIMER
  +--> ?PR?WDOG_INIT?MAIN
  +--> ?PR?_COMPOUND_PROCESS_RECV_DATA?COMPOUND
  +--> ?PR?KEY_SCAN?KEY

?PR?_MDELAYMS?DEBUG                              -----    -----
  +--> ?PR?_MDELAYUS?DEBUG

?PR?MINITSTDIO?DEBUG                             01E1H    0005H

?PR?_HANDLE_KEY_EVENT?MAIN                       -----    -----
  +--> ?CO?MAIN
  +--> ?PR?_USB_SEND_KEY?COMPOUND
  +--> ?PR?_MDELAYMS?DEBUG

?PR?_USB_SEND_KEY?COMPOUND                       -----    -----
  +--> ?PR?_MDELAYMS?DEBUG
  +--> ?PR?ENP1INTIN?COMPOUND

?PR?TIMER0_INIT_10MS?TIMER                       -----    -----
  +--> ?PR?_MTIMER_X_MODINIT?TIMER
  +--> ?PR?_MTIMER_X_SETDATA?TIMER

?PR?_COMPOUND_PROCESS_RECV_DATA?COMPOUND         01E1H    0005H
  +--> ?PR?_USB_CHECK_VALID_PACKET?COMPOUND
  +--> ?PR?LED_FLASH_HANDLER?MAIN
  +--> ?PR?_TIMER0_REGISTER_CB?TIMER
BL51 BANKED LINKER/LOCATER V6.22                                                      12/02/2024  10:35:39  PAGE 4


  +--> ?CO?COMPOUND

?PR?_USB_CHECK_VALID_PACKET?COMPOUND             01E6H    0006H
  +--> ?PR?_USB_CALCULATE_CHECKSUM?COMPOUND

?PR?_USB_CALCULATE_CHECKSUM?COMPOUND             01ECH    0003H

?PR?LED_FLASH_HANDLER?MAIN                       -----    -----
  +--> ?PR?SOFT_RESET?MAIN

?PR?SOFT_RESET?MAIN                              01E6H    0001H
  +--> ?PR?_MDELAYMS?DEBUG

?PR?KEY_SCAN?KEY                                 -----    -----
  +--> ?PR?GET_KEY_EVENT?KEY

?PR?GET_KEY_EVENT?KEY                            01E1H    0001H
  +--> ?PR?_MDELAYMS?DEBUG

?C_INITSEG                                       -----    -----
  +--> ?CO?COMPOUND



UNRESOLVED EXTERNAL SYMBOLS:
   TOUCHKEYBUTTON



SYMBOL TABLE OF MODULE:  .\obj\Compound_Dev (COMPOUND)

  VALUE           TYPE          NAME
  ----------------------------------

  -------         MODULE        COMPOUND
  C:0000H         SYMBOL        _ICE_DUMMY_
  X:00D1H         PUBLIC        HIDKey
  D:0090H         PUBLIC        P1
  D:00E2H         PUBLIC        USB_CTRL
  C:10FBH         PUBLIC        sPath
  D:00B0H         PUBLIC        P3
  C:0D61H         PUBLIC        _usb_send_key
  X:00D9H         PUBLIC        g_data_len
  X:00DAH         PUBLIC        UsbConfig
  B:00D8H.0       PUBLIC        UIF_BUS_RST
  D:00E8H         PUBLIC        IE_EX
  D:00A8H         PUBLIC        IE
  D:00DDH         PUBLIC        UEP0_T_LEN
  D:00E3H         PUBLIC        USB_DEV_AD
  D:00D3H         PUBLIC        UEP1_T_LEN
  D:00D5H         PUBLIC        UEP2_T_LEN
  C:118AH         PUBLIC        CfgDesc
  D:00A2H         PUBLIC        XBUS_AUX
  X:00DBH         SYMBOL        compound_received_data
  D:00B8H         PUBLIC        IP
  C:16A4H         PUBLIC        _usb_calculate_checksum
  X:011BH         PUBLIC        FLAG
BL51 BANKED LINKER/LOCATER V6.22                                                      12/02/2024  10:35:39  PAGE 5


  X:011CH         PUBLIC        cleanmatch_state
  C:1115H         PUBLIC        DevDesc
  D:00D8H         PUBLIC        USB_INT_FG
  C:11CCH         PUBLIC        HIDValueHandle
  C:0046H         PUBLIC        DeviceInterrupt
  X:011DH         PUBLIC        pStr
  X:0120H         PUBLIC        learnmatch_state
  D:00E1H         PUBLIC        USB_INT_EN
  B:00D8H.1       PUBLIC        UIF_TRANSFER
  D:0087H         PUBLIC        PCON
  X:0121H         PUBLIC        EnumOK
  D:00DCH         PUBLIC        UEP0_CTRL
  D:00D2H         PUBLIC        UEP1_CTRL
  D:00D4H         PUBLIC        UEP2_CTRL
  D:0098H         PUBLIC        SCON
  X:0122H         PUBLIC        SetupLen
  D:0088H         PUBLIC        TCON
  D:00DBH         PUBLIC        USB_RX_LEN
  C:0EA5H         SYMBOL        _SendKey
  C:1740H         SYMBOL        Enp1IntIn
  D:00F8H         PUBLIC        SPI0_STAT
  C:1760H         SYMBOL        Enp2IntIn
  X:0123H         SYMBOL        compound_response_data
  D:00DAH         PUBLIC        USB_MIS_ST
  X:0163H         PUBLIC        SetupReq
  D:00D9H         PUBLIC        USB_INT_ST
  B:0090H.6       PUBLIC        WL_LEARN_PIN
  D:00A9H         PUBLIC        WAKE_CTRL
  X:0000H         PUBLIC        Ep0Buffer
  X:000AH         PUBLIC        Ep1Buffer
  X:0050H         PUBLIC        Ep2Buffer
  X:0164H         PUBLIC        g_compound_heartbeat_flag
  C:1168H         PUBLIC        ComRepDesc
  D:00D1H         PUBLIC        UDEV_CTRL
  X:0165H         PUBLIC        g_compound_heartbeat_timer
  D:00ECH         PUBLIC        UEP0_DMA
  D:00EEH         PUBLIC        UEP1_DMA
  D:00E4H         PUBLIC        UEP2_DMA
  X:0166H         SYMBOL        first_hb_flag
  C:1127H         PUBLIC        KeyRepDesc
  D:00C3H         PUBLIC        TKEY_CTRL
  C:1600H         PUBLIC        USBDeviceInit
  B:00E8H.2       PUBLIC        IE_USB
  X:0167H         PUBLIC        g_data_ready
  X:0168H         PUBLIC        SetupReqBuf
  C:0AFFH         PUBLIC        _compound_process_recv_data
  D:0080H         PUBLIC        ADC_CTRL
  D:00A1H         PUBLIC        SAFE_MOD
  X:0170H         PUBLIC        g_cleanmatch_timer
  X:0172H         PUBLIC        pDescr
  C:16F8H         SYMBOL        UploadData
  D:00C0H         PUBLIC        SCON1
  D:00C8H         PUBLIC        T2CON
  B:00D8H.2       PUBLIC        UIF_SUSPEND
  D:00EBH         PUBLIC        UEP2_3_MOD
  D:00EAH         PUBLIC        UEP4_1_MOD
  X:0175H         PUBLIC        g_learnmatch_timer
BL51 BANKED LINKER/LOCATER V6.22                                                      12/02/2024  10:35:39  PAGE 6


  X:0177H         PUBLIC        HIDCom
  D:00C4H         PUBLIC        TKEY_DAT
  D:00D0H         PUBLIC        PSW
  C:1514H         PUBLIC        _usb_check_valid_packet
  -------         PROC          USBDEVICEINIT
  C:1600H         LINE#         190
  C:1600H         LINE#         191
  C:1600H         LINE#         192
  C:1602H         LINE#         193
  C:1605H         LINE#         195
  C:160BH         LINE#         196
  C:1611H         LINE#         197
  C:1617H         LINE#         198
  C:161AH         LINE#         199
  C:161DH         LINE#         200
  C:1620H         LINE#         202
  C:1623H         LINE#         203
  C:1626H         LINE#         205
  C:1628H         LINE#         206
  C:162BH         LINE#         207
  C:162EH         LINE#         208
  C:1631H         LINE#         209
  C:1634H         LINE#         210
  C:1637H         LINE#         211
  C:1639H         LINE#         212
  -------         ENDPROC       USBDEVICEINIT
  -------         PROC          ENP1INTIN
  C:1740H         LINE#         221
  C:1740H         LINE#         222
  C:1740H         LINE#         223
  C:1753H         LINE#         224
  C:1756H         LINE#         225
  C:1759H         LINE#         226
  C:175FH         LINE#         227
  -------         ENDPROC       ENP1INTIN
  -------         PROC          ENP2INTIN
  C:1760H         LINE#         235
  C:1760H         LINE#         236
  C:1760H         LINE#         237
  C:1773H         LINE#         238
  C:1776H         LINE#         239
  C:1779H         LINE#         240
  C:177FH         LINE#         241
  -------         ENDPROC       ENP2INTIN
  -------         PROC          DEVICEINTERRUPT
  -------         DO            
  X:01DFH         SYMBOL        len
  -------         ENDDO         
  C:0046H         LINE#         247
  C:0053H         LINE#         251
  C:0059H         LINE#         252
  C:0059H         LINE#         253
  C:007BH         LINE#         254
  C:007BH         LINE#         255
  C:007BH         LINE#         256
  C:007EH         LINE#         257
  C:0086H         LINE#         258
BL51 BANKED LINKER/LOCATER V6.22                                                      12/02/2024  10:35:39  PAGE 7


  C:0089H         LINE#         259
  C:0089H         LINE#         260
  C:0089H         LINE#         261
  C:008FH         LINE#         262
  C:0095H         LINE#         263
  C:0095H         LINE#         264
  C:0098H         LINE#         265
  C:0098H         LINE#         267
  C:00AEH         LINE#         268
  C:00B6H         LINE#         269
  C:00BCH         LINE#         272
  C:00BFH         LINE#         274
  C:00C2H         LINE#         279
  C:00C2H         LINE#         280
  C:00C2H         LINE#         281
  C:00C5H         LINE#         282
  C:00CDH         LINE#         283
  C:00D3H         LINE#         284
  C:00D6H         LINE#         285
  C:00D6H         LINE#         286
  C:00DCH         LINE#         287
  C:00E4H         LINE#         288
  C:00E4H         LINE#         289
  C:00ECH         LINE#         290
  C:00FBH         LINE#         291
  C:00FBH         LINE#         292
  C:0101H         LINE#         293
  C:0101H         LINE#         294
  C:0106H         LINE#         295
  C:010FH         LINE#         296
  C:010FH         LINE#         297
  C:0118H         LINE#         298
  C:0118H         LINE#         299
  C:011EH         LINE#         303
  C:011EH         LINE#         304
  C:012AH         LINE#         305
  C:012AH         LINE#         306
  C:012DH         LINE#         308
  C:012DH         LINE#         309
  C:0132H         LINE#         310
  C:0135H         LINE#         311
  C:0135H         LINE#         313
  C:013DH         LINE#         314
  C:016EH         LINE#         315
  C:016EH         LINE#         316
  C:016EH         LINE#         317
  C:017EH         LINE#         318
  C:017EH         LINE#         319
  C:017EH         LINE#         320
  C:018CH         LINE#         321
  C:0192H         LINE#         322
  C:0194H         LINE#         323
  C:0194H         LINE#         324
  C:01A2H         LINE#         325
  C:01A8H         LINE#         326
  C:01AAH         LINE#         327
  C:01AAH         LINE#         328
BL51 BANKED LINKER/LOCATER V6.22                                                      12/02/2024  10:35:39  PAGE 8


  C:01B1H         LINE#         329
  C:01B1H         LINE#         330
  C:01BFH         LINE#         331
  C:01C5H         LINE#         332
  C:01C7H         LINE#         334
  C:01CBH         LINE#         335
  C:01CBH         LINE#         336
  C:01D9H         LINE#         337
  C:01DFH         LINE#         338
  C:01E1H         LINE#         340
  C:01E1H         LINE#         341
  C:01E7H         LINE#         342
  C:01E7H         LINE#         352
  C:01E9H         LINE#         353
  C:01E9H         LINE#         354
  C:01EFH         LINE#         355
  C:01EFH         LINE#         356
  C:01EFH         LINE#         357
  C:01FAH         LINE#         358
  C:01FAH         LINE#         359
  C:01FAH         LINE#         360
  C:0202H         LINE#         361
  C:020AH         LINE#         362
  C:020AH         LINE#         363
  C:0221H         LINE#         364
  C:0239H         LINE#         365
  C:024AH         LINE#         366
  C:0255H         LINE#         367
  C:0258H         LINE#         369
  C:0258H         LINE#         370
  C:0260H         LINE#         371
  C:0263H         LINE#         372
  C:0263H         LINE#         374
  C:026BH         LINE#         375
  C:0277H         LINE#         376
  C:0277H         LINE#         377
  C:027DH         LINE#         378
  C:027DH         LINE#         379
  C:0280H         LINE#         380
  C:0280H         LINE#         382
  C:0288H         LINE#         383
  C:028BH         LINE#         384
  C:028BH         LINE#         385
  C:028BH         LINE#         386
  C:028BH         LINE#         388
  C:0295H         LINE#         389
  C:0295H         LINE#         390
  C:02A3H         LINE#         391
  C:02A3H         LINE#         392
  C:02A3H         LINE#         393
  C:02ABH         LINE#         394
  C:02AEH         LINE#         395
  C:02AEH         LINE#         396
  C:02B6H         LINE#         397
  C:02B9H         LINE#         398
  C:02B9H         LINE#         399
  C:02BCH         LINE#         400
BL51 BANKED LINKER/LOCATER V6.22                                                      12/02/2024  10:35:39  PAGE 9


  C:02BFH         LINE#         401
  C:02BFH         LINE#         402
  C:02C5H         LINE#         403
  C:02C8H         LINE#         404
  C:02C8H         LINE#         405
  C:02CBH         LINE#         407
  C:02CBH         LINE#         408
  C:02D1H         LINE#         409
  C:02D1H         LINE#         410
  C:02D4H         LINE#         411
  C:02D4H         LINE#         412
  C:02DDH         LINE#         413
  C:02DDH         LINE#         414
  C:02EEH         LINE#         415
  C:02EEH         LINE#         416
  C:02F8H         LINE#         417
  C:02F8H         LINE#         419
  C:02F8H         LINE#         421
  C:02F8H         LINE#         422
  C:02FEH         LINE#         423
  C:02FEH         LINE#         424
  C:0301H         LINE#         426
  C:0301H         LINE#         427
  C:0307H         LINE#         428
  C:0307H         LINE#         429
  C:030AH         LINE#         431
  C:030FH         LINE#         432
  C:030FH         LINE#         433
  C:031EH         LINE#         434
  C:031EH         LINE#         435
  C:033AH         LINE#         436
  C:033AH         LINE#         437
  C:033AH         LINE#         438
  C:0342H         LINE#         439
  C:0344H         LINE#         441
  C:0344H         LINE#         442
  C:034CH         LINE#         443
  C:034EH         LINE#         445
  C:034EH         LINE#         446
  C:0356H         LINE#         447
  C:0358H         LINE#         449
  C:0358H         LINE#         450
  C:035EH         LINE#         451
  C:0360H         LINE#         452
  C:0360H         LINE#         453
  C:0362H         LINE#         455
  C:0362H         LINE#         456
  C:0368H         LINE#         457
  C:0368H         LINE#         458
  C:036AH         LINE#         460
  C:036AH         LINE#         461
  C:0370H         LINE#         462
  C:0370H         LINE#         463
  C:0372H         LINE#         464
  C:0372H         LINE#         465
  C:0377H         LINE#         466
  C:0379H         LINE#         467
BL51 BANKED LINKER/LOCATER V6.22                                                      12/02/2024  10:35:39  PAGE 10


  C:0382H         LINE#         468
  C:0382H         LINE#         469
  C:0388H         LINE#         470
  C:038AH         LINE#         472
  C:038AH         LINE#         473
  C:0392H         LINE#         474
  C:0392H         LINE#         475
  C:0394H         LINE#         476
  C:0394H         LINE#         477
  C:039AH         LINE#         478
  C:039CH         LINE#         479
  C:039CH         LINE#         480
  C:039CH         LINE#         481
  C:039EH         LINE#         483
  C:039EH         LINE#         484
  C:03A4H         LINE#         485
  C:03A4H         LINE#         486
  C:03ACH         LINE#         487
  C:03ACH         LINE#         488
  C:03B2H         LINE#         491
  C:03B5H         LINE#         492
  C:03BBH         LINE#         493
  C:03BBH         LINE#         494
  C:03BDH         LINE#         495
  C:03C0H         LINE#         496
  C:03C3H         LINE#         498
  C:03C3H         LINE#         499
  C:03C6H         LINE#         500
  C:03C9H         LINE#         501
  C:03C9H         LINE#         502
  C:03CCH         LINE#         503
  C:03CCH         LINE#         504
  C:03D7H         LINE#         505
  C:03D7H         LINE#         506
  C:03D7H         LINE#         507
  C:03EEH         LINE#         508
  C:0406H         LINE#         509
  C:0417H         LINE#         510
  C:0422H         LINE#         511
  C:0428H         LINE#         512
  C:042BH         LINE#         513
  C:042DH         LINE#         514
  C:042DH         LINE#         515
  C:0439H         LINE#         516
  C:043CH         LINE#         517
  C:043CH         LINE#         518
  C:043CH         LINE#         521
  C:043CH         LINE#         522
  C:043CH         LINE#         523
  C:0443H         LINE#         524
  C:0443H         LINE#         525
  C:0446H         LINE#         526
  C:0449H         LINE#         527
  C:0449H         LINE#         528
  C:044BH         LINE#         529
  C:044BH         LINE#         530
  C:0451H         LINE#         531
BL51 BANKED LINKER/LOCATER V6.22                                                      12/02/2024  10:35:39  PAGE 11


  C:0456H         LINE#         532
  C:0456H         LINE#         533
  C:0456H         LINE#         534
  C:0456H         LINE#         538
  C:0456H         LINE#         539
  C:0456H         LINE#         540
  C:0456H         LINE#         544
  C:0456H         LINE#         545
  C:0456H         LINE#         546
  C:0459H         LINE#         547
  C:045CH         LINE#         548
  C:045CH         LINE#         549
  C:045CH         LINE#         550
  C:045CH         LINE#         551
  C:045CH         LINE#         552
  C:045EH         LINE#         553
  C:045EH         LINE#         554
  C:0461H         LINE#         555
  C:0461H         LINE#         556
  C:0464H         LINE#         557
  C:0467H         LINE#         558
  C:046AH         LINE#         559
  C:046DH         LINE#         560
  C:046FH         LINE#         561
  C:0471H         LINE#         562
  C:0473H         LINE#         563
  C:0473H         LINE#         564
  C:0476H         LINE#         565
  C:0476H         LINE#         566
  C:0478H         LINE#         567
  C:047DH         LINE#         568
  C:047DH         LINE#         572
  C:0482H         LINE#         573
  C:0482H         LINE#         576
  C:0482H         LINE#         577
  C:0485H         LINE#         578
  C:0488H         LINE#         579
  C:048BH         LINE#         580
  C:048EH         LINE#         581
  C:0491H         LINE#         582
  C:0494H         LINE#         583
  C:0497H         LINE#         584
  C:0497H         LINE#         585
  C:0499H         LINE#         586
  C:0499H         LINE#         587
  C:049CH         LINE#         588
  C:049CH         LINE#         589
  -------         ENDPROC       DEVICEINTERRUPT
  -------         PROC          _SENDKEY
  D:0001H         SYMBOL        p
  -------         DO            
  D:0006H         SYMBOL        c
  -------         ENDDO         
  C:0EA5H         LINE#         599
  C:0EA5H         LINE#         600
  C:0EA5H         LINE#         602
  C:0EA9H         LINE#         604
BL51 BANKED LINKER/LOCATER V6.22                                                      12/02/2024  10:35:39  PAGE 12


  C:0EB8H         LINE#         605
  C:0EBCH         LINE#         606
  C:0EBCH         LINE#         608
  C:0ECCH         LINE#         609
  C:0ED3H         LINE#         610
  C:0ED6H         LINE#         612
  C:0EE6H         LINE#         613
  C:0EF0H         LINE#         615
  C:0EF0H         LINE#         616
  C:0F1CH         LINE#         617
  C:0F1CH         LINE#         618
  C:0F22H         LINE#         619
  C:0F28H         LINE#         620
  C:0F2AH         LINE#         621
  C:0F2AH         LINE#         622
  C:0F30H         LINE#         623
  C:0F32H         LINE#         624
  C:0F32H         LINE#         625
  C:0F38H         LINE#         626
  C:0F3AH         LINE#         627
  C:0F3AH         LINE#         628
  C:0F40H         LINE#         629
  C:0F42H         LINE#         630
  C:0F42H         LINE#         631
  C:0F48H         LINE#         632
  C:0F4EH         LINE#         633
  C:0F50H         LINE#         634
  C:0F50H         LINE#         635
  C:0F55H         LINE#         636
  C:0F5BH         LINE#         637
  C:0F5DH         LINE#         638
  C:0F5DH         LINE#         639
  C:0F63H         LINE#         640
  C:0F69H         LINE#         641
  C:0F6BH         LINE#         642
  C:0F6BH         LINE#         643
  C:0F71H         LINE#         644
  C:0F77H         LINE#         645
  C:0F79H         LINE#         646
  C:0F79H         LINE#         647
  C:0F7FH         LINE#         648
  C:0F81H         LINE#         649
  C:0F81H         LINE#         650
  C:0F87H         LINE#         651
  C:0F89H         LINE#         652
  C:0F89H         LINE#         653
  C:0F8FH         LINE#         654
  C:0F94H         LINE#         655
  C:0F96H         LINE#         656
  C:0F96H         LINE#         657
  C:0F9CH         LINE#         658
  C:0FA2H         LINE#         659
  C:0FA2H         LINE#         660
  C:0FA2H         LINE#         661
  C:0FA2H         LINE#         662
  C:0FA2H         LINE#         663
  C:0FA2H         LINE#         665
BL51 BANKED LINKER/LOCATER V6.22                                                      12/02/2024  10:35:39  PAGE 13


  C:0FA9H         LINE#         666
  C:0FAFH         LINE#         667
  C:0FB2H         LINE#         668
  C:0FB8H         LINE#         669
  C:0FBFH         LINE#         670
  C:0FC4H         LINE#         671
  C:0FC8H         LINE#         672
  C:0FCEH         LINE#         673
  C:0FD1H         LINE#         674
  C:0FD7H         LINE#         675
  -------         ENDPROC       _SENDKEY
  -------         PROC          UPLOADDATA
  -------         DO            
  X:004FH         SYMBOL        i
  -------         ENDDO         
  C:16F8H         LINE#         684
  C:16F8H         LINE#         685
  C:16F8H         LINE#         687
  C:16FEH         LINE#         688
  C:171DH         LINE#         689
  -------         ENDPROC       UPLOADDATA
  -------         PROC          HIDVALUEHANDLE
  -------         DO            
  X:00D0H         SYMBOL        rotateFlag
  X:0008H         SYMBOL        KeyData
  -------         ENDDO         
  C:11CCH         LINE#         697
  C:11CCH         LINE#         698
  C:11CCH         LINE#         700
  C:11DAH         LINE#         701
  C:11DFH         LINE#         702
  C:11DFH         LINE#         703
  C:11E9H         LINE#         705
  C:1203H         LINE#         707
  C:1203H         LINE#         708
  C:1221H         LINE#         709
  C:1221H         LINE#         710
  C:1227H         LINE#         711
  C:122AH         LINE#         713
  C:122DH         LINE#         714
  C:122EH         LINE#         715
  C:1234H         LINE#         716
  C:1234H         LINE#         717
  C:1242H         LINE#         718
  C:124CH         LINE#         719
  C:125CH         LINE#         720
  C:125CH         LINE#         721
  C:1265H         LINE#         722
  C:126CH         LINE#         723
  C:1272H         LINE#         724
  C:1272H         LINE#         725
  C:1272H         LINE#         727
  -------         ENDPROC       HIDVALUEHANDLE
  -------         PROC          _USB_SEND_KEY
  D:0001H         SYMBOL        p
  -------         DO            
  D:0006H         SYMBOL        c
BL51 BANKED LINKER/LOCATER V6.22                                                      12/02/2024  10:35:39  PAGE 14


  -------         ENDDO         
  C:0D61H         LINE#         731
  C:0D61H         LINE#         732
  C:0D61H         LINE#         734
  C:0D65H         LINE#         736
  C:0D74H         LINE#         737
  C:0D78H         LINE#         738
  C:0D78H         LINE#         740
  C:0D88H         LINE#         741
  C:0D8FH         LINE#         742
  C:0D92H         LINE#         744
  C:0DA2H         LINE#         745
  C:0DACH         LINE#         747
  C:0DACH         LINE#         748
  C:0DDBH         LINE#         749
  C:0DDBH         LINE#         750
  C:0DE0H         LINE#         751
  C:0DE6H         LINE#         752
  C:0DE9H         LINE#         754
  C:0DE9H         LINE#         755
  C:0DEFH         LINE#         756
  C:0DF5H         LINE#         757
  C:0DF7H         LINE#         758
  C:0DF7H         LINE#         759
  C:0DFDH         LINE#         760
  C:0DFFH         LINE#         761
  C:0DFFH         LINE#         762
  C:0E05H         LINE#         763
  C:0E07H         LINE#         764
  C:0E07H         LINE#         765
  C:0E0DH         LINE#         766
  C:0E0FH         LINE#         767
  C:0E0FH         LINE#         768
  C:0E15H         LINE#         769
  C:0E1BH         LINE#         770
  C:0E1DH         LINE#         771
  C:0E1DH         LINE#         772
  C:0E22H         LINE#         773
  C:0E28H         LINE#         774
  C:0E2AH         LINE#         775
  C:0E2AH         LINE#         776
  C:0E30H         LINE#         777
  C:0E36H         LINE#         778
  C:0E38H         LINE#         779
  C:0E38H         LINE#         780
  C:0E3EH         LINE#         781
  C:0E44H         LINE#         782
  C:0E46H         LINE#         783
  C:0E46H         LINE#         784
  C:0E4CH         LINE#         785
  C:0E4EH         LINE#         786
  C:0E4EH         LINE#         787
  C:0E54H         LINE#         788
  C:0E56H         LINE#         789
  C:0E56H         LINE#         790
  C:0E5CH         LINE#         791
  C:0E61H         LINE#         792
BL51 BANKED LINKER/LOCATER V6.22                                                      12/02/2024  10:35:39  PAGE 15


  C:0E63H         LINE#         793
  C:0E63H         LINE#         794
  C:0E69H         LINE#         795
  C:0E6FH         LINE#         796
  C:0E6FH         LINE#         797
  C:0E6FH         LINE#         798
  C:0E6FH         LINE#         799
  C:0E6FH         LINE#         800
  C:0E6FH         LINE#         802
  C:0E76H         LINE#         803
  C:0E7CH         LINE#         804
  C:0E7FH         LINE#         805
  C:0E85H         LINE#         806
  C:0E8CH         LINE#         807
  C:0E91H         LINE#         808
  C:0E95H         LINE#         809
  C:0E9BH         LINE#         810
  C:0E9EH         LINE#         811
  C:0EA4H         LINE#         812
  -------         ENDPROC       _USB_SEND_KEY
  -------         PROC          _USB_CALCULATE_CHECKSUM
  X:01ECH         SYMBOL        compound_data
  D:0005H         SYMBOL        len
  -------         DO            
  D:0007H         SYMBOL        checksum
  D:0006H         SYMBOL        i
  -------         ENDDO         
  C:16A4H         LINE#         821
  C:16AFH         LINE#         822
  C:16AFH         LINE#         823
  C:16B1H         LINE#         826
  C:16B8H         LINE#         827
  C:16B8H         LINE#         828
  C:16CDH         LINE#         829
  C:16D0H         LINE#         831
  C:16D0H         LINE#         832
  -------         ENDPROC       _USB_CALCULATE_CHECKSUM
  -------         PROC          _USB_CHECK_VALID_PACKET
  X:01E6H         SYMBOL        compound_data
  X:01E9H         SYMBOL        len
  -------         DO            
  X:01EAH         SYMBOL        expected_checksum
  X:01EBH         SYMBOL        recved_checksum
  D:0004H         SYMBOL        length
  -------         ENDDO         
  C:1514H         LINE#         834
  C:1522H         LINE#         835
  C:1522H         LINE#         848
  C:1525H         LINE#         849
  C:1527H         LINE#         850
  C:1528H         LINE#         852
  C:153DH         LINE#         853
  C:153DH         LINE#         854
  C:1540H         LINE#         855
  C:1540H         LINE#         857
  C:1547H         LINE#         859
  C:1550H         LINE#         860
BL51 BANKED LINKER/LOCATER V6.22                                                      12/02/2024  10:35:39  PAGE 16


  C:156AH         LINE#         861
  C:156DH         LINE#         862
  C:156DH         LINE#         863
  C:1570H         LINE#         864
  C:1570H         LINE#         866
  C:1572H         LINE#         868
  -------         ENDPROC       _USB_CHECK_VALID_PACKET
  -------         PROC          _COMPOUND_PROCESS_RECV_DATA
  X:01E1H         SYMBOL        len
  -------         DO            
  X:01E2H         SYMBOL        opcode
  -------         DO            
  X:01E3H         SYMBOL        checksum
  X:01E4H         SYMBOL        length
  X:01E5H         SYMBOL        i
  X:01E3H         SYMBOL        checksum
  X:01E4H         SYMBOL        length
  X:01E5H         SYMBOL        i
  X:01E3H         SYMBOL        checksum
  X:01E4H         SYMBOL        length
  X:01E5H         SYMBOL        i
  -------         ENDDO         
  -------         DO            
  X:01E3H         SYMBOL        checksum
  X:01E4H         SYMBOL        length
  X:01E5H         SYMBOL        i
  X:01E3H         SYMBOL        checksum
  X:01E4H         SYMBOL        length
  X:01E5H         SYMBOL        i
  -------         ENDDO         
  -------         DO            
  X:01E3H         SYMBOL        checksum
  X:01E4H         SYMBOL        length
  X:01E5H         SYMBOL        i
  -------         ENDDO         
  -------         ENDDO         
  C:0AFFH         LINE#         921
  C:0B05H         LINE#         922
  C:0B05H         LINE#         932
  C:0B14H         LINE#         933
  C:0B14H         LINE#         935
  C:0B1CH         LINE#         937
  C:0B30H         LINE#         938
  C:0B30H         LINE#         939
  C:0B30H         LINE#         940
  C:0B30H         LINE#         953
  C:0B35H         LINE#         954
  C:0B39H         LINE#         955
  C:0B3CH         LINE#         957
  C:0B40H         LINE#         958
  C:0B45H         LINE#         959
  C:0B4BH         LINE#         960
  C:0B4BH         LINE#         961
  C:0B4DH         LINE#         962
  C:0B56H         LINE#         963
  C:0B56H         LINE#         966
  C:0B5CH         LINE#         967
BL51 BANKED LINKER/LOCATER V6.22                                                      12/02/2024  10:35:39  PAGE 17


  C:0B60H         LINE#         968
  C:0B68H         LINE#         969
  C:0B70H         LINE#         970
  C:0B73H         LINE#         972
  C:0B7BH         LINE#         973
  C:0B86H         LINE#         974
  C:0B97H         LINE#         975
  C:0B9BH         LINE#         976
  C:0B9FH         LINE#         977
  C:0BA3H         LINE#         978
  C:0BA7H         LINE#         981
  C:0BB7H         LINE#         982
  C:0BB7H         LINE#         983
  C:0BC9H         LINE#         984
  C:0BD1H         LINE#         985
  C:0BD9H         LINE#         988
  C:0BE8H         LINE#         991
  C:0BFBH         LINE#         992
  C:0BFEH         LINE#         993
  C:0C01H         LINE#         995
  C:0C02H         LINE#         996
  C:0C02H         LINE#         997
  C:0C02H         LINE#         998
  C:0C02H         LINE#         1009
  C:0C07H         LINE#         1010
  C:0C0BH         LINE#         1011
  C:0C0EH         LINE#         1014
  C:0C14H         LINE#         1015
  C:0C14H         LINE#         1016
  C:0C16H         LINE#         1017
  C:0C18H         LINE#         1018
  C:0C1FH         LINE#         1019
  C:0C1FH         LINE#         1022
  C:0C25H         LINE#         1023
  C:0C29H         LINE#         1024
  C:0C31H         LINE#         1025
  C:0C39H         LINE#         1026
  C:0C3CH         LINE#         1028
  C:0C4BH         LINE#         1029
  C:0C4BH         LINE#         1030
  C:0C5DH         LINE#         1031
  C:0C65H         LINE#         1032
  C:0C6DH         LINE#         1033
  C:0C7CH         LINE#         1036
  C:0C8FH         LINE#         1037
  C:0C92H         LINE#         1038
  C:0C95H         LINE#         1040
  C:0C96H         LINE#         1041
  C:0C96H         LINE#         1042
  C:0C96H         LINE#         1043
  C:0C96H         LINE#         1048
  C:0C9BH         LINE#         1049
  C:0C9FH         LINE#         1050
  C:0CA2H         LINE#         1053
  C:0CA8H         LINE#         1054
  C:0CA8H         LINE#         1055
  C:0CAAH         LINE#         1056
BL51 BANKED LINKER/LOCATER V6.22                                                      12/02/2024  10:35:39  PAGE 18


  C:0CACH         LINE#         1057
  C:0CB3H         LINE#         1058
  C:0CB3H         LINE#         1061
  C:0CB9H         LINE#         1062
  C:0CBDH         LINE#         1063
  C:0CC5H         LINE#         1064
  C:0CCDH         LINE#         1065
  C:0CD0H         LINE#         1067
  C:0CDFH         LINE#         1068
  C:0CDFH         LINE#         1069
  C:0CF1H         LINE#         1070
  C:0CF9H         LINE#         1071
  C:0D01H         LINE#         1072
  C:0D10H         LINE#         1075
  C:0D23H         LINE#         1076
  C:0D26H         LINE#         1077
  C:0D29H         LINE#         1079
  C:0D2AH         LINE#         1080
  C:0D2AH         LINE#         1082
  C:0D2AH         LINE#         1083
  C:0D2AH         LINE#         1087
  C:0D2AH         LINE#         1088
  C:0D2AH         LINE#         1090
  C:0D2AH         LINE#         1092
  C:0D2BH         LINE#         1094
  C:0D2BH         LINE#         1095
  C:0D41H         LINE#         1096
  C:0D57H         LINE#         1097
  C:0D5DH         LINE#         1098
  C:0D60H         LINE#         1099
  C:0D60H         LINE#         1172
  -------         ENDPROC       _COMPOUND_PROCESS_RECV_DATA
  -------         ENDMOD        COMPOUND

  -------         MODULE        MAIN
  C:0000H         SYMBOL        _ICE_DUMMY_
  D:0090H         PUBLIC        P1
  D:00B0H         PUBLIC        P3
  B:00A8H.7       PUBLIC        EA
  B:0090H.6       PUBLIC        LED1
  D:00E8H         PUBLIC        IE_EX
  D:00A8H         PUBLIC        IE
  D:00D3H         PUBLIC        UEP1_T_LEN
  D:00D5H         PUBLIC        UEP2_T_LEN
  D:00B8H         PUBLIC        IP
  D:00FFH         PUBLIC        WDOG_COUNT
  C:15C0H         PUBLIC        _handle_key_event
  D:00D8H         PUBLIC        USB_INT_FG
  C:14A3H         PUBLIC        main
  D:0098H         PUBLIC        SCON
  D:0088H         PUBLIC        TCON
  D:00F8H         PUBLIC        SPI0_STAT
  C:163AH         PUBLIC        soft_reset
  C:183BH         PUBLIC        wdog_init
  D:0080H         PUBLIC        ADC_CTRL
  D:00A1H         PUBLIC        SAFE_MOD
  D:00B1H         PUBLIC        GLOBAL_CFG
BL51 BANKED LINKER/LOCATER V6.22                                                      12/02/2024  10:35:39  PAGE 19


  D:00C0H         PUBLIC        SCON1
  D:00C8H         PUBLIC        T2CON
  C:181EH         PUBLIC        led_flash_handler
  D:00D0H         PUBLIC        PSW
  -------         PROC          SOFT_RESET
  -------         DO            
  X:01E6H         SYMBOL        i
  -------         ENDDO         
  C:163AH         LINE#         24
  C:163AH         LINE#         25
  C:163AH         LINE#         26
  C:163FH         LINE#         27
  C:1640H         LINE#         28
  C:1640H         LINE#         29
  C:1642H         LINE#         30
  C:1649H         LINE#         31
  C:164BH         LINE#         32
  C:1652H         LINE#         33
  C:165EH         LINE#         35
  C:1660H         LINE#         36
  C:1667H         LINE#         38
  C:166AH         LINE#         39
  C:166DH         LINE#         40
  C:1670H         LINE#         41
  -------         ENDPROC       SOFT_RESET
  -------         PROC          LED_FLASH_HANDLER
  C:181EH         LINE#         43
  C:181EH         LINE#         44
  C:181EH         LINE#         52
  C:1829H         LINE#         53
  C:1829H         LINE#         54
  C:182CH         LINE#         55
  C:182CH         LINE#         57
  -------         ENDPROC       LED_FLASH_HANDLER
  -------         PROC          _HANDLE_KEY_EVENT
  D:0007H         SYMBOL        event
  C:15C0H         LINE#         59
  C:15C0H         LINE#         60
  C:15C0H         LINE#         61
  C:15C8H         LINE#         62
  C:15C8H         LINE#         63
  C:15C8H         LINE#         64
  C:15C8H         LINE#         65
  C:15D1H         LINE#         66
  C:15D3H         LINE#         67
  C:15DAH         LINE#         68
  C:15DCH         LINE#         69
  C:15E3H         LINE#         72
  C:15E4H         LINE#         73
  C:15E4H         LINE#         75
  C:15E4H         LINE#         76
  C:15E4H         LINE#         77
  C:15EDH         LINE#         78
  C:15EFH         LINE#         79
  C:15F6H         LINE#         80
  C:15F8H         LINE#         81
  C:15FFH         LINE#         83
BL51 BANKED LINKER/LOCATER V6.22                                                      12/02/2024  10:35:39  PAGE 20


  C:15FFH         LINE#         84
  C:15FFH         LINE#         86
  C:15FFH         LINE#         87
  C:15FFH         LINE#         88
  C:15FFH         LINE#         89
  C:15FFH         LINE#         91
  C:15FFH         LINE#         92
  C:15FFH         LINE#         93
  C:15FFH         LINE#         94
  C:15FFH         LINE#         96
  C:15FFH         LINE#         97
  -------         ENDPROC       _HANDLE_KEY_EVENT
  -------         PROC          MAIN
  -------         DO            
  X:01E0H         SYMBOL        i
  -------         ENDDO         
  C:14A3H         LINE#         99
  C:14A3H         LINE#         100
  C:14A3H         LINE#         101
  C:14A8H         LINE#         103
  C:14ABH         LINE#         104
  C:14B2H         LINE#         105
  C:14B5H         LINE#         107
  C:14B7H         LINE#         108
  C:14BEH         LINE#         109
  C:14C0H         LINE#         110
  C:14C7H         LINE#         118
  C:14CAH         LINE#         119
  C:14CCH         LINE#         120
  C:14CFH         LINE#         121
  C:14D1H         LINE#         122
  C:14D5H         LINE#         123
  C:14D9H         LINE#         124
  C:14DCH         LINE#         125
  C:14E5H         LINE#         127
  C:14E8H         LINE#         129
  C:14EBH         LINE#         134
  C:14EBH         LINE#         135
  C:14EBH         LINE#         137
  C:14F1H         LINE#         138
  C:14F1H         LINE#         139
  C:14F7H         LINE#         140
  C:14F7H         LINE#         141
  C:14FFH         LINE#         142
  C:1504H         LINE#         143
  C:1504H         LINE#         146
  C:1507H         LINE#         147
  C:1507H         LINE#         149
  C:150AH         LINE#         151
  C:1511H         LINE#         152
  -------         ENDPROC       MAIN
  -------         PROC          WDOG_INIT
  C:183BH         LINE#         155
  C:183BH         LINE#         156
  C:183BH         LINE#         158
  C:183EH         LINE#         159
  C:1841H         LINE#         162
BL51 BANKED LINKER/LOCATER V6.22                                                      12/02/2024  10:35:39  PAGE 21


  C:1844H         LINE#         165
  C:1847H         LINE#         166
  -------         ENDPROC       WDOG_INIT
  -------         ENDMOD        MAIN

  -------         MODULE        DEBUG
  C:0000H         SYMBOL        _ICE_DUMMY_
  D:0090H         PUBLIC        P1
  D:00B0H         PUBLIC        P3
  C:1860H         PUBLIC        UART1Setup
  C:17E3H         PUBLIC        _CH554WDTModeSelect
  C:1273H         PUBLIC        mInitSTDIO
  D:00E8H         PUBLIC        IE_EX
  D:00A8H         PUBLIC        IE
  C:1886H         PUBLIC        _CH554WDTFeed
  C:1882H         PUBLIC        CH554UART0Alter
  D:00B8H         PUBLIC        IP
  B:0098H.0       PUBLIC        RI
  B:0098H.1       PUBLIC        TI
  D:00FFH         PUBLIC        WDOG_COUNT
  D:00B9H         PUBLIC        CLOCK_CFG
  C:17CCH         PUBLIC        _mDelaymS
  D:00C2H         PUBLIC        SBAUD1
  B:00C0H.0       PUBLIC        U1RI
  B:00C0H.1       PUBLIC        U1TI
  D:00D8H         PUBLIC        USB_INT_FG
  C:182DH         PUBLIC        _mDelayuS
  B:00C8H.5       PUBLIC        RCLK
  B:00C8H.4       PUBLIC        TCLK
  D:0099H         PUBLIC        SBUF
  D:0087H         PUBLIC        PCON
  D:0098H         PUBLIC        SCON
  D:0089H         PUBLIC        TMOD
  D:0088H         PUBLIC        TCON
  C:17FAH         PUBLIC        CfgFsys
  B:00C0H.5       PUBLIC        U1SMOD
  D:00F8H         PUBLIC        SPI0_STAT
  C:186AH         PUBLIC        _CH554UART0SendByte
  C:187AH         PUBLIC        _CH554UART1SendByte
  D:008DH         PUBLIC        TH1
  B:0098H.7       PUBLIC        SM0
  B:0098H.6       PUBLIC        SM1
  B:0098H.5       PUBLIC        SM2
  B:00C0H.7       PUBLIC        U1SM0
  B:0088H.6       PUBLIC        TR1
  C:0003H         PUBLIC        CH554UART0RcvByte
  C:1872H         PUBLIC        CH554UART1RcvByte
  D:0080H         PUBLIC        ADC_CTRL
  D:00A1H         PUBLIC        SAFE_MOD
  D:00C1H         PUBLIC        SBUF1
  D:00B1H         PUBLIC        GLOBAL_CFG
  D:00C0H         PUBLIC        SCON1
  B:0098H.4       PUBLIC        REN
  D:00C9H         PUBLIC        T2MOD
  D:00C8H         PUBLIC        T2CON
  B:00C0H.4       PUBLIC        U1REN
  D:00C6H         PUBLIC        PIN_FUNC
BL51 BANKED LINKER/LOCATER V6.22                                                      12/02/2024  10:35:39  PAGE 22


  D:00D0H         PUBLIC        PSW
  -------         PROC          CFGFSYS
  C:17FAH         LINE#         25
  C:17FAH         LINE#         26
  C:17FAH         LINE#         31
  C:17FDH         LINE#         32
  C:1800H         LINE#         36
  C:1808H         LINE#         41
  C:180BH         LINE#         42
  -------         ENDPROC       CFGFSYS
  -------         PROC          _MDELAYUS
  D:0006H         SYMBOL        n
  C:182DH         LINE#         51
  C:182DH         LINE#         52
  C:182DH         LINE#         64
  C:1831H         LINE#         65
  C:1833H         LINE#         98
  C:1838H         LINE#         99
  C:183AH         LINE#         100
  -------         ENDPROC       _MDELAYUS
  -------         PROC          _MDELAYMS
  D:0004H         SYMBOL        n
  C:17CCH         LINE#         109
  C:17D0H         LINE#         110
  C:17D0H         LINE#         111
  C:17D4H         LINE#         116
  C:17DBH         LINE#         118
  C:17E0H         LINE#         119
  C:17E2H         LINE#         120
  -------         ENDPROC       _MDELAYMS
  -------         PROC          CH554UART0ALTER
  C:1882H         LINE#         129
  C:1882H         LINE#         130
  C:1882H         LINE#         131
  C:1885H         LINE#         132
  -------         ENDPROC       CH554UART0ALTER
  -------         PROC          MINITSTDIO
  -------         DO            
  X:01E1H         SYMBOL        x
  X:01E5H         SYMBOL        x2
  -------         ENDDO         
  C:1273H         LINE#         142
  C:1273H         LINE#         143
  C:1273H         LINE#         147
  C:1275H         LINE#         148
  C:1277H         LINE#         149
  C:1279H         LINE#         151
  C:127BH         LINE#         152
  C:127DH         LINE#         153
  C:1280H         LINE#         154
  C:128AH         LINE#         155
  C:12A6H         LINE#         156
  C:12C3H         LINE#         157
  C:12F1H         LINE#         159
  C:12F9H         LINE#         160
  C:12FCH         LINE#         161
  C:130AH         LINE#         162
BL51 BANKED LINKER/LOCATER V6.22                                                      12/02/2024  10:35:39  PAGE 23


  C:130CH         LINE#         163
  C:130EH         LINE#         164
  C:1310H         LINE#         165
  -------         ENDPROC       MINITSTDIO
  -------         PROC          CH554UART0RCVBYTE
  C:0003H         LINE#         174
  C:0003H         LINE#         175
  C:0003H         LINE#         176
  C:0006H         LINE#         177
  C:0008H         LINE#         178
  C:000AH         LINE#         179
  -------         ENDPROC       CH554UART0RCVBYTE
  -------         PROC          _CH554UART0SENDBYTE
  D:0007H         SYMBOL        SendDat
  C:186AH         LINE#         188
  C:186AH         LINE#         189
  C:186AH         LINE#         190
  C:186CH         LINE#         191
  C:186FH         LINE#         192
  C:1871H         LINE#         193
  -------         ENDPROC       _CH554UART0SENDBYTE
  -------         PROC          UART1SETUP
  C:1860H         LINE#         202
  C:1860H         LINE#         203
  C:1860H         LINE#         204
  C:1862H         LINE#         205
  C:1864H         LINE#         206
  C:1866H         LINE#         207
  C:1869H         LINE#         208
  -------         ENDPROC       UART1SETUP
  -------         PROC          CH554UART1RCVBYTE
  C:1872H         LINE#         217
  C:1872H         LINE#         218
  C:1872H         LINE#         219
  C:1875H         LINE#         220
  C:1877H         LINE#         221
  C:1879H         LINE#         222
  -------         ENDPROC       CH554UART1RCVBYTE
  -------         PROC          _CH554UART1SENDBYTE
  D:0007H         SYMBOL        SendDat
  C:187AH         LINE#         231
  C:187AH         LINE#         232
  C:187AH         LINE#         233
  C:187CH         LINE#         234
  C:187FH         LINE#         235
  C:1881H         LINE#         236
  -------         ENDPROC       _CH554UART1SENDBYTE
  -------         PROC          _CH554WDTMODESELECT
  D:0007H         SYMBOL        mode
  C:17E3H         LINE#         247
  C:17E3H         LINE#         248
  C:17E3H         LINE#         249
  C:17E6H         LINE#         250
  C:17E9H         LINE#         251
  C:17ECH         LINE#         252
  C:17EFH         LINE#         253
  C:17F1H         LINE#         254
BL51 BANKED LINKER/LOCATER V6.22                                                      12/02/2024  10:35:39  PAGE 24


  C:17F4H         LINE#         255
  C:17F7H         LINE#         256
  C:17F9H         LINE#         257
  -------         ENDPROC       _CH554WDTMODESELECT
  -------         PROC          _CH554WDTFEED
  D:0007H         SYMBOL        tim
  C:1886H         LINE#         268
  C:1886H         LINE#         269
  C:1886H         LINE#         270
  C:1888H         LINE#         271
  -------         ENDPROC       _CH554WDTFEED
  -------         ENDMOD        DEBUG

  -------         MODULE        KEY
  C:0000H         SYMBOL        _ICE_DUMMY_
  D:0090H         PUBLIC        P1
  D:00B0H         PUBLIC        P3
  D:00E8H         PUBLIC        IE_EX
  D:00A8H         PUBLIC        IE
  D:00B8H         PUBLIC        IP
  D:00D8H         PUBLIC        USB_INT_FG
  D:0098H         PUBLIC        SCON
  D:0088H         PUBLIC        TCON
  D:0092H         PUBLIC        P1_MOD_OC
  D:00F8H         PUBLIC        SPI0_STAT
  C:1848H         PUBLIC        _register_key_cb
  D:0093H         PUBLIC        P1_DIR_PU
  X:004AH         SYMBOL        key_state
  X:004BH         SYMBOL        key_mode
  C:1780H         PUBLIC        key_scan
  D:0080H         PUBLIC        ADC_CTRL
  C:171EH         PUBLIC        key_init
  D:00C0H         PUBLIC        SCON1
  D:00C8H         PUBLIC        T2CON
  B:0090H.7       PUBLIC        KEY
  B:0090H.1       PUBLIC        MODE_PIN
  X:004CH         SYMBOL        key_cb
  C:142BH         SYMBOL        get_key_event
  D:00D0H         PUBLIC        PSW
  -------         PROC          KEY_INIT
  C:171EH         LINE#         17
  C:171EH         LINE#         18
  C:171EH         LINE#         20
  C:1721H         LINE#         21
  C:1724H         LINE#         24
  C:1727H         LINE#         25
  C:172AH         LINE#         28
  C:172DH         LINE#         29
  C:172DH         LINE#         30
  C:1732H         LINE#         31
  C:1738H         LINE#         32
  C:1739H         LINE#         34
  C:1739H         LINE#         35
  C:173FH         LINE#         36
  C:173FH         LINE#         38
  -------         ENDPROC       KEY_INIT
  -------         PROC          _REGISTER_KEY_CB
BL51 BANKED LINKER/LOCATER V6.22                                                      12/02/2024  10:35:39  PAGE 25


  D:0001H         SYMBOL        cb
  C:1848H         LINE#         40
  C:1848H         LINE#         41
  C:1848H         LINE#         42
  C:1853H         LINE#         43
  -------         ENDPROC       _REGISTER_KEY_CB
  -------         PROC          GET_KEY_EVENT
  -------         DO            
  X:01E1H         SYMBOL        event
  -------         ENDDO         
  C:142BH         LINE#         45
  C:142BH         LINE#         46
  C:142BH         LINE#         47
  C:1430H         LINE#         48
  C:1441H         LINE#         49
  C:1441H         LINE#         50
  C:1441H         LINE#         51
  C:1441H         LINE#         52
  C:1444H         LINE#         53
  C:144AH         LINE#         55
  C:144CH         LINE#         56
  C:144CH         LINE#         57
  C:144CH         LINE#         58
  C:144CH         LINE#         60
  C:1453H         LINE#         61
  C:1456H         LINE#         62
  C:1456H         LINE#         63
  C:145CH         LINE#         65
  C:1460H         LINE#         66
  C:1460H         LINE#         67
  C:1465H         LINE#         68
  C:1465H         LINE#         69
  C:1467H         LINE#         71
  C:1467H         LINE#         72
  C:146CH         LINE#         73
  C:146CH         LINE#         74
  C:146EH         LINE#         75
  C:146EH         LINE#         76
  C:146EH         LINE#         77
  C:146EH         LINE#         78
  C:1471H         LINE#         79
  C:1471H         LINE#         80
  C:1477H         LINE#         81
  C:1477H         LINE#         82
  C:1479H         LINE#         83
  C:1479H         LINE#         84
  C:1479H         LINE#         85
  C:1479H         LINE#         86
  C:1480H         LINE#         87
  C:1483H         LINE#         88
  C:1483H         LINE#         89
  C:1488H         LINE#         90
  C:148EH         LINE#         91
  C:1490H         LINE#         93
  C:1490H         LINE#         94
  C:1496H         LINE#         95
  C:1496H         LINE#         96
BL51 BANKED LINKER/LOCATER V6.22                                                      12/02/2024  10:35:39  PAGE 26


  C:1498H         LINE#         97
  C:1498H         LINE#         99
  C:1498H         LINE#         100
  C:1498H         LINE#         101
  C:149DH         LINE#         102
  C:149DH         LINE#         103
  C:149DH         LINE#         105
  C:149DH         LINE#         107
  C:14A2H         LINE#         108
  -------         ENDPROC       GET_KEY_EVENT
  -------         PROC          KEY_SCAN
  -------         DO            
  D:0007H         SYMBOL        evt
  -------         ENDDO         
  C:1780H         LINE#         110
  C:1780H         LINE#         111
  C:1780H         LINE#         112
  C:1783H         LINE#         113
  C:1794H         LINE#         114
  C:179BH         LINE#         115
  -------         ENDPROC       KEY_SCAN
  -------         ENDMOD        KEY

  -------         MODULE        TIMER
  C:0000H         SYMBOL        _ICE_DUMMY_
  D:0090H         PUBLIC        P1
  D:00B0H         PUBLIC        P3
  D:00E8H         PUBLIC        IE_EX
  D:00A8H         PUBLIC        IE
  C:17B4H         PUBLIC        timer0_init_10ms
  D:00B8H         PUBLIC        IP
  C:179CH         PUBLIC        _CAP1Init
  C:180CH         PUBLIC        _CAP2Init
  D:00CBH         PUBLIC        RCAP2H
  D:00D8H         PUBLIC        USB_INT_FG
  D:00CAH         PUBLIC        RCAP2L
  B:00C8H.1       PUBLIC        C_T2
  B:00C8H.5       PUBLIC        RCLK
  B:00C8H.4       PUBLIC        TCLK
  D:0098H         PUBLIC        SCON
  D:0089H         PUBLIC        TMOD
  D:0088H         PUBLIC        TCON
  D:00F8H         PUBLIC        SPI0_STAT
  B:0090H.6       PUBLIC        WL_LEARN_PIN
  B:00C8H.0       PUBLIC        CP_RL2
  C:1854H         PUBLIC        _timer0_register_cb
  B:00A8H.1       PUBLIC        ET0
  D:008CH         PUBLIC        TH0
  D:008DH         PUBLIC        TH1
  D:00CDH         PUBLIC        TH2
  D:008AH         PUBLIC        TL0
  D:008BH         PUBLIC        TL1
  D:00CCH         PUBLIC        TL2
  C:000EH         PUBLIC        _mTimer_x_SetData
  B:0088H.4       PUBLIC        TR0
  D:0080H         PUBLIC        ADC_CTRL
  C:1671H         PUBLIC        _mTimer_x_ModInit
BL51 BANKED LINKER/LOCATER V6.22                                                      12/02/2024  10:35:39  PAGE 27


  B:00C8H.3       PUBLIC        EXEN2
  D:00C0H         PUBLIC        SCON1
  D:00C9H         PUBLIC        T2MOD
  D:00C8H         PUBLIC        T2CON
  C:1311H         PUBLIC        mTimer0Interrupt
  X:01F3H         SYMBOL        timer0_cb
  D:00D0H         PUBLIC        PSW
  -------         PROC          _MTIMER_X_MODINIT
  D:0007H         SYMBOL        x
  D:0005H         SYMBOL        mode
  C:1671H         LINE#         34
  C:1671H         LINE#         35
  C:1671H         LINE#         36
  C:167DH         LINE#         37
  C:1692H         LINE#         38
  C:169EH         LINE#         39
  C:16A1H         LINE#         40
  C:16A3H         LINE#         41
  -------         ENDPROC       _MTIMER_X_MODINIT
  -------         PROC          _MTIMER_X_SETDATA
  D:0003H         SYMBOL        x
  D:0004H         SYMBOL        dat
  -------         DO            
  D:0004H         SYMBOL        tmp
  -------         ENDDO         
  C:000EH         LINE#         50
  C:0011H         LINE#         51
  C:0011H         LINE#         53
  C:001BH         LINE#         54
  C:0025H         LINE#         55
  C:0030H         LINE#         56
  C:0034H         LINE#         57
  C:003CH         LINE#         58
  C:0042H         LINE#         59
  C:0042H         LINE#         60
  -------         ENDPROC       _MTIMER_X_SETDATA
  -------         PROC          _CAP2INIT
  D:0007H         SYMBOL        mode
  C:180CH         LINE#         73
  C:180CH         LINE#         74
  C:180CH         LINE#         75
  C:180EH         LINE#         76
  C:1810H         LINE#         77
  C:1812H         LINE#         78
  C:1814H         LINE#         79
  C:1816H         LINE#         80
  C:181DH         LINE#         81
  -------         ENDPROC       _CAP2INIT
  -------         PROC          _CAP1INIT
  D:0007H         SYMBOL        mode
  C:179CH         LINE#         94
  C:179CH         LINE#         95
  C:179CH         LINE#         96
  C:179EH         LINE#         97
  C:17A0H         LINE#         98
  C:17A2H         LINE#         99
  C:17A4H         LINE#         100
BL51 BANKED LINKER/LOCATER V6.22                                                      12/02/2024  10:35:39  PAGE 28


  C:17B3H         LINE#         101
  -------         ENDPROC       _CAP1INIT
  -------         PROC          _TIMER0_REGISTER_CB
  D:0001H         SYMBOL        cb
  C:1854H         LINE#         160
  C:1854H         LINE#         161
  C:1854H         LINE#         162
  C:185FH         LINE#         163
  -------         ENDPROC       _TIMER0_REGISTER_CB
  -------         PROC          TIMER0_INIT_10MS
  C:17B4H         LINE#         165
  C:17B4H         LINE#         166
  C:17B4H         LINE#         168
  C:17B7H         LINE#         171
  C:17BEH         LINE#         176
  C:17C7H         LINE#         178
  C:17C9H         LINE#         179
  C:17CBH         LINE#         181
  -------         ENDPROC       TIMER0_INIT_10MS
  -------         PROC          MTIMER0INTERRUPT
  C:1311H         LINE#         184
  C:131EH         LINE#         186
  C:1327H         LINE#         187
  C:1337H         LINE#         188
  C:1337H         LINE#         189
  C:1342H         LINE#         190
  C:1342H         LINE#         192
  C:1349H         LINE#         193
  C:1349H         LINE#         194
  C:135EH         LINE#         195
  C:135EH         LINE#         196
  C:1360H         LINE#         197
  C:1365H         LINE#         198
  C:136BH         LINE#         199
  C:136BH         LINE#         200
  C:136BH         LINE#         202
  C:1372H         LINE#         203
  C:1372H         LINE#         204
  C:1387H         LINE#         205
  C:1387H         LINE#         206
  C:1389H         LINE#         207
  C:138EH         LINE#         208
  C:1394H         LINE#         209
  C:1394H         LINE#         210
  C:1394H         LINE#         211
  -------         ENDPROC       MTIMER0INTERRUPT
  -------         ENDMOD        TIMER

  -------         MODULE        ?C?COPY
  C:08DCH         PUBLIC        ?C?COPY
  -------         ENDMOD        ?C?COPY

  -------         MODULE        ?C?CLDPTR
  C:0902H         PUBLIC        ?C?CLDPTR
  -------         ENDMOD        ?C?CLDPTR

  -------         MODULE        ?C?CLDOPTR
BL51 BANKED LINKER/LOCATER V6.22                                                      12/02/2024  10:35:39  PAGE 29


  C:091BH         PUBLIC        ?C?CLDOPTR
  -------         ENDMOD        ?C?CLDOPTR

  -------         MODULE        ?C?IILDX
  C:0948H         PUBLIC        ?C?IILDX
  -------         ENDMOD        ?C?IILDX

  -------         MODULE        ?C?ULDIV
  C:099AH         PUBLIC        ?C?ULDIV
  -------         ENDMOD        ?C?ULDIV

  -------         MODULE        ?C?LSTXDATA
  C:0A2CH         PUBLIC        ?C?LSTXDATA
  -------         ENDMOD        ?C?LSTXDATA

  -------         MODULE        ?C?LSTKXDATA
  C:0A38H         PUBLIC        ?C?LSTKXDATA
  -------         ENDMOD        ?C?LSTKXDATA

  -------         MODULE        ?C?CCASE
  C:0A69H         PUBLIC        ?C?CCASE
  -------         ENDMOD        ?C?CCASE

  -------         MODULE        ?C?ICALL
  C:0A8FH         PUBLIC        ?C?ICALL
  C:0A93H         PUBLIC        ?C?ICALL2
  -------         ENDMOD        ?C?ICALL

  -------         MODULE        PRINTF
  X:01B7H         PUBLIC        ?_PRINTF517?BYTE
  X:01B7H         PUBLIC        ?_PRINTF?BYTE
  X:01B7H         PUBLIC        ?_SPRINTF517?BYTE
  X:01B7H         PUBLIC        ?_SPRINTF?BYTE
  C:0512H         PUBLIC        _PRINTF
  C:0512H         PUBLIC        _PRINTF517
  C:050CH         PUBLIC        _SPRINTF
  C:050CH         PUBLIC        _SPRINTF517
  -------         ENDMOD        PRINTF

  -------         MODULE        RAND
  X:01EFH         PUBLIC        ?SRAND?BYTE
  C:1573H         PUBLIC        RAND
  C:15B1H         PUBLIC        _SRAND
  -------         ENDMOD        RAND

  -------         MODULE        ?C?MEMSET
  C:0A95H         PUBLIC        ?C?MEMSET
  -------         ENDMOD        ?C?MEMSET

  -------         MODULE        ?C?CSTPTR
  C:0AC1H         PUBLIC        ?C?CSTPTR
  -------         ENDMOD        ?C?CSTPTR

  -------         MODULE        ?C?LLDXDATA
  C:0AD3H         PUBLIC        ?C?LLDXDATA
  -------         ENDMOD        ?C?LLDXDATA

BL51 BANKED LINKER/LOCATER V6.22                                                      12/02/2024  10:35:39  PAGE 30


  -------         MODULE        ?C?PLDIXDATA
  C:0ADFH         PUBLIC        ?C?PLDIXDATA
  -------         ENDMOD        ?C?PLDIXDATA

  -------         MODULE        ?C?PSTXDATA
  C:0AF6H         PUBLIC        ?C?PSTXDATA
  -------         ENDMOD        ?C?PSTXDATA

  -------         MODULE        PUTCHAR
  C:16D1H         PUBLIC        _PUTCHAR
  -------         ENDMOD        PUTCHAR

*** WARNING L1: UNRESOLVED EXTERNAL SYMBOL
    SYMBOL:  TOUCHKEYBUTTON
    MODULE:  .\obj\Compound.obj (COMPOUND)

*** WARNING L2: REFERENCE MADE TO UNRESOLVED EXTERNAL
    SYMBOL:  TOUCHKEYBUTTON
    MODULE:  .\obj\Compound.obj (COMPOUND)
    ADDRESS: 11CDH

*** WARNING L2: REFERENCE MADE TO UNRESOLVED EXTERNAL
    SYMBOL:  TOUCHKEYBUTTON
    MODULE:  .\obj\Compound.obj (COMPOUND)
    ADDRESS: 120AH

Program Size: data=23.1 xdata=502 code=6283
LINK/LOCATE RUN COMPLETE.  3 WARNING(S),  0 ERROR(S)
